2026-04-03T09:14:43.435467+00:00 ip-172-31-46-10 systemd[1]: Mounted dev-hugepages.mount - Huge Pages File System.
2026-04-03T09:14:43.435824+00:00 ip-172-31-46-10 systemd[1]: Mounted dev-mqueue.mount - POSIX Message Queue File System.
2026-04-03T09:14:43.435838+00:00 ip-172-31-46-10 systemd[1]: Mounted sys-kernel-debug.mount - Kernel Debug File System.
2026-04-03T09:14:43.435843+00:00 ip-172-31-46-10 systemd[1]: Mounted sys-kernel-tracing.mount - Kernel Trace File System.
2026-04-03T09:14:43.435848+00:00 ip-172-31-46-10 systemd[1]: Finished keyboard-setup.service - Set the console keyboard layout.
2026-04-03T09:14:43.435853+00:00 ip-172-31-46-10 systemd[1]: Finished kmod-static-nodes.service - Create List of Static Device Nodes.
2026-04-03T09:14:43.435857+00:00 ip-172-31-46-10 systemd[1]: Finished lvm2-monitor.service - Monitoring of LVM2 mirrors, snapshots etc. using dmeventd or progress polling.
2026-04-03T09:14:43.435862+00:00 ip-172-31-46-10 systemd[1]: modprobe@configfs.service: Deactivated successfully.
2026-04-03T09:14:43.435869+00:00 ip-172-31-46-10 systemd[1]: Finished modprobe@configfs.service - Load Kernel Module configfs.
2026-04-03T09:14:43.435873+00:00 ip-172-31-46-10 systemd[1]: modprobe@dm_mod.service: Deactivated successfully.
2026-04-03T09:14:43.435877+00:00 ip-172-31-46-10 systemd[1]: Finished modprobe@dm_mod.service - Load Kernel Module dm_mod.
2026-04-03T09:14:43.435882+00:00 ip-172-31-46-10 systemd[1]: modprobe@drm.service: Deactivated successfully.
2026-04-03T09:14:43.435886+00:00 ip-172-31-46-10 systemd[1]: Finished modprobe@drm.service - Load Kernel Module drm.
2026-04-03T09:14:43.435891+00:00 ip-172-31-46-10 systemd[1]: modprobe@efi_pstore.service: Deactivated successfully.
2026-04-03T09:14:43.435898+00:00 ip-172-31-46-10 systemd[1]: Finished modprobe@efi_pstore.service - Load Kernel Module efi_pstore.
2026-04-03T09:14:43.435902+00:00 ip-172-31-46-10 systemd[1]: modprobe@fuse.service: Deactivated successfully.
2026-04-03T09:14:43.435907+00:00 ip-172-31-46-10 systemd[1]: Finished modprobe@fuse.service - Load Kernel Module fuse.
2026-04-03T09:14:43.435928+00:00 ip-172-31-46-10 systemd[1]: modprobe@loop.service: Deactivated successfully.
2026-04-03T09:14:43.435933+00:00 ip-172-31-46-10 systemd[1]: Finished modprobe@loop.service - Load Kernel Module loop.
2026-04-03T09:14:43.435938+00:00 ip-172-31-46-10 systemd-modules-load[139]: Inserted module 'msr'
2026-04-03T09:14:43.435946+00:00 ip-172-31-46-10 systemd-fsck[141]: cloudimg-rootfs: clean, 82825/917504 files, 534925/1834747 blocks
2026-04-03T09:14:43.435953+00:00 ip-172-31-46-10 systemd[1]: Mounting sys-fs-fuse-connections.mount - FUSE Control File System...
2026-04-03T09:14:43.435957+00:00 ip-172-31-46-10 systemd-modules-load[139]: Inserted module 'dm_multipath'
2026-04-03T09:14:43.435962+00:00 ip-172-31-46-10 systemd[1]: Mounting sys-kernel-config.mount - Kernel Configuration File System...
2026-04-03T09:14:43.435967+00:00 ip-172-31-46-10 systemd[1]: Started systemd-fsckd.service - File System Check Daemon to report status.
2026-04-03T09:14:43.435972+00:00 ip-172-31-46-10 systemd[1]: systemd-repart.service - Repartition Root Disk was skipped because no trigger condition checks were met.
2026-04-03T09:14:43.435980+00:00 ip-172-31-46-10 systemd[1]: Starting systemd-tmpfiles-setup-dev-early.service - Create Static Device Nodes in /dev gracefully...
2026-04-03T09:14:43.435985+00:00 ip-172-31-46-10 systemd[1]: Finished systemd-fsck-root.service - File System Check on Root Device.
2026-04-03T09:14:43.435989+00:00 ip-172-31-46-10 systemd[1]: Starting systemd-remount-fs.service - Remount Root and Kernel File Systems...
2026-04-03T09:14:43.435994+00:00 ip-172-31-46-10 systemd[1]: Mounted sys-kernel-config.mount - Kernel Configuration File System.
2026-04-03T09:14:43.435999+00:00 ip-172-31-46-10 systemd-modules-load[139]: Inserted module 'nf_conntrack'
2026-04-03T09:14:43.436004+00:00 ip-172-31-46-10 systemd[1]: Finished systemd-modules-load.service - Load Kernel Modules.
2026-04-03T09:14:43.436012+00:00 ip-172-31-46-10 systemd[1]: Mounted sys-fs-fuse-connections.mount - FUSE Control File System.
2026-04-03T09:14:43.436016+00:00 ip-172-31-46-10 systemd[1]: Starting systemd-sysctl.service - Apply Kernel Variables...
2026-04-03T09:14:43.436020+00:00 ip-172-31-46-10 systemd[1]: Finished systemd-tmpfiles-setup-dev-early.service - Create Static Device Nodes in /dev gracefully.
2026-04-03T09:14:43.436026+00:00 ip-172-31-46-10 systemd[1]: Finished systemd-sysctl.service - Apply Kernel Variables.
2026-04-03T09:14:43.436030+00:00 ip-172-31-46-10 systemd[1]: Finished systemd-udev-trigger.service - Coldplug All udev Devices.
2026-04-03T09:14:43.436035+00:00 ip-172-31-46-10 systemd[1]: Finished systemd-remount-fs.service - Remount Root and Kernel File Systems.
2026-04-03T09:14:43.436042+00:00 ip-172-31-46-10 systemd[1]: Starting multipathd.service - Device-Mapper Multipath Device Controller...
2026-04-03T09:14:43.436047+00:00 ip-172-31-46-10 systemd[1]: systemd-hwdb-update.service - Rebuild Hardware Database was skipped because no trigger condition checks were met.
2026-04-03T09:14:43.436051+00:00 ip-172-31-46-10 systemd[1]: Starting systemd-journal-flush.service - Flush Journal to Persistent Storage...
2026-04-03T09:14:43.436056+00:00 ip-172-31-46-10 systemd[1]: systemd-pstore.service - Platform Persistent Storage Archival was skipped because of an unmet condition check (ConditionDirectoryNotEmpty=/sys/fs/pstore).
2026-04-03T09:14:43.436060+00:00 ip-172-31-46-10 systemd[1]: Starting systemd-random-seed.service - Load/Save OS Random Seed...
2026-04-03T09:14:43.436067+00:00 ip-172-31-46-10 systemd[1]: Starting systemd-sysusers.service - Create System Users...
2026-04-03T09:14:43.436072+00:00 ip-172-31-46-10 systemd[1]: systemd-tpm2-setup.service - TPM2 SRK Setup was skipped because of an unmet condition check (ConditionSecurity=measured-uki).
2026-04-03T09:14:43.436076+00:00 ip-172-31-46-10 systemd[1]: Finished systemd-random-seed.service - Load/Save OS Random Seed.
2026-04-03T09:14:43.436080+00:00 ip-172-31-46-10 systemd[1]: Finished systemd-journal-flush.service - Flush Journal to Persistent Storage.
2026-04-03T09:14:43.436085+00:00 ip-172-31-46-10 systemd[1]: Finished systemd-sysusers.service - Create System Users.
2026-04-03T09:14:43.436089+00:00 ip-172-31-46-10 systemd[1]: Starting systemd-tmpfiles-setup-dev.service - Create Static Device Nodes in /dev...
2026-04-03T09:14:43.436096+00:00 ip-172-31-46-10 systemd[1]: Finished systemd-tmpfiles-setup-dev.service - Create Static Device Nodes in /dev.
2026-04-03T09:14:43.436100+00:00 ip-172-31-46-10 systemd[1]: Starting systemd-udevd.service - Rule-based Manager for Device Events and Files...
2026-04-03T09:14:43.436105+00:00 ip-172-31-46-10 multipathd[182]: multipathd v0.9.4: start up
2026-04-03T09:14:43.436109+00:00 ip-172-31-46-10 multipathd[182]: reconfigure: setting up paths and maps
2026-04-03T09:14:43.436114+00:00 ip-172-31-46-10 systemd[1]: Started multipathd.service - Device-Mapper Multipath Device Controller.
2026-04-03T09:14:43.436119+00:00 ip-172-31-46-10 systemd[1]: Reached target local-fs-pre.target - Preparation for Local File Systems.
2026-04-03T09:14:43.436126+00:00 ip-172-31-46-10 systemd[1]: Mounting snap-amazon\x2dssm\x2dagent-12322.mount - Mount unit for amazon-ssm-agent, revision 12322...
2026-04-03T09:14:43.436130+00:00 ip-172-31-46-10 systemd[1]: Mounting snap-core22-2411.mount - Mount unit for core22, revision 2411...
2026-04-03T09:14:43.436135+00:00 ip-172-31-46-10 systemd[1]: Mounting snap-snapd-26382.mount - Mount unit for snapd, revision 26382...
2026-04-03T09:14:43.436139+00:00 ip-172-31-46-10 systemd-udevd[193]: Using default interface naming scheme 'v255'.
2026-04-03T09:14:43.436144+00:00 ip-172-31-46-10 systemd[1]: Mounted snap-amazon\x2dssm\x2dagent-12322.mount - Mount unit for amazon-ssm-agent, revision 12322.
2026-04-03T09:14:43.436152+00:00 ip-172-31-46-10 systemd[1]: Mounted snap-core22-2411.mount - Mount unit for core22, revision 2411.
2026-04-03T09:14:43.436157+00:00 ip-172-31-46-10 systemd[1]: Mounted snap-snapd-26382.mount - Mount unit for snapd, revision 26382.
2026-04-03T09:14:43.436161+00:00 ip-172-31-46-10 systemd[1]: Reached target snapd.mounts.target - Mounted snaps.
2026-04-03T09:14:43.436166+00:00 ip-172-31-46-10 systemd[1]: Started systemd-udevd.service - Rule-based Manager for Device Events and Files.
2026-04-03T09:14:43.436170+00:00 ip-172-31-46-10 systemd[1]: plymouth-start.service - Show Plymouth Boot Screen was skipped because of an unmet condition check (ConditionKernelCommandLine=splash).
2026-04-03T09:14:43.436175+00:00 ip-172-31-46-10 systemd[1]: Started systemd-ask-password-console.path - Dispatch Password Requests to Console Directory Watch.
2026-04-03T09:14:43.436184+00:00 ip-172-31-46-10 systemd[1]: systemd-ask-password-plymouth.path - Forward Password Requests to Plymouth Directory Watch was skipped because of an unmet condition check (ConditionPathExists=/run/plymouth/pid).
2026-04-03T09:14:43.436189+00:00 ip-172-31-46-10 systemd[1]: Reached target cryptsetup.target - Local Encrypted Volumes.
2026-04-03T09:14:43.436193+00:00 ip-172-31-46-10 systemd[1]: Found device dev-ttyS0.device - /dev/ttyS0.
2026-04-03T09:14:43.436198+00:00 ip-172-31-46-10 multipath: nvme0n1: uid = nvme.1d0f-766f6c3062343165663337346464313230626166-416d617a6f6e20456c617374696320426c6f636b2053746f7265-00000001 (sysfs)
2026-04-03T09:14:43.436204+00:00 ip-172-31-46-10 multipath: nvme1n1: uid = nvme.1d0f-766f6c3039366365336436643831613938363865-416d617a6f6e20456c617374696320426c6f636b2053746f7265-00000001 (sysfs)
2026-04-03T09:14:43.436212+00:00 ip-172-31-46-10 systemd[1]: Found device dev-disk-by\x2dlabel-UEFI.device - Amazon Elastic Block Store UEFI.
2026-04-03T09:14:43.436216+00:00 ip-172-31-46-10 systemd[1]: Found device dev-disk-by\x2dlabel-BOOT.device - Amazon Elastic Block Store BOOT.
2026-04-03T09:14:43.436221+00:00 ip-172-31-46-10 systemd[1]: Starting systemd-fsck@dev-disk-by\x2dlabel-BOOT.service - File System Check on /dev/disk/by-label/BOOT...
2026-04-03T09:14:43.436225+00:00 ip-172-31-46-10 systemd[1]: Starting systemd-fsck@dev-disk-by\x2dlabel-UEFI.service - File System Check on /dev/disk/by-label/UEFI...
2026-04-03T09:14:43.436230+00:00 ip-172-31-46-10 systemd-fsck[248]: BOOT: clean, 601/58496 files, 32250/233728 blocks
2026-04-03T09:14:43.436239+00:00 ip-172-31-46-10 systemd[1]: Finished systemd-fsck@dev-disk-by\x2dlabel-BOOT.service - File System Check on /dev/disk/by-label/BOOT.
2026-04-03T09:14:43.436244+00:00 ip-172-31-46-10 systemd[1]: Listening on systemd-rfkill.socket - Load/Save RF Kill Switch Status /dev/rfkill Watch.
2026-04-03T09:14:43.436249+00:00 ip-172-31-46-10 systemd-fsck[252]: fsck.fat 4.2 (2021-01-31)
2026-04-03T09:14:43.436253+00:00 ip-172-31-46-10 systemd-fsck[252]: /dev/nvme0n1p15: 12 files, 12499/213663 clusters
2026-04-03T09:14:43.436258+00:00 ip-172-31-46-10 systemd[1]: Finished systemd-fsck@dev-disk-by\x2dlabel-UEFI.service - File System Check on /dev/disk/by-label/UEFI.
2026-04-03T09:14:43.436263+00:00 ip-172-31-46-10 systemd[1]: Mounting boot.mount - /boot...
2026-04-03T09:14:43.436270+00:00 ip-172-31-46-10 systemd[1]: Mounted boot.mount - /boot.
2026-04-03T09:14:43.436275+00:00 ip-172-31-46-10 systemd[1]: Mounting boot-efi.mount - /boot/efi...
2026-04-03T09:14:43.436280+00:00 ip-172-31-46-10 systemd[1]: Mounted boot-efi.mount - /boot/efi.
2026-04-03T09:14:43.436284+00:00 ip-172-31-46-10 systemd[1]: Reached target local-fs.target - Local File Systems.
2026-04-03T09:14:43.436288+00:00 ip-172-31-46-10 systemd[1]: Listening on systemd-sysext.socket - System Extension Image Management (Varlink).
2026-04-03T09:14:43.436293+00:00 ip-172-31-46-10 systemd[1]: Starting apparmor.service - Load AppArmor profiles...
2026-04-03T09:14:43.436300+00:00 ip-172-31-46-10 systemd[1]: Starting console-setup.service - Set console font and keymap...
2026-04-03T09:14:43.436304+00:00 ip-172-31-46-10 systemd[1]: Starting finalrd.service - Create final runtime dir for shutdown pivot root...
2026-04-03T09:14:43.436308+00:00 ip-172-31-46-10 systemd[1]: Starting ldconfig.service - Rebuild Dynamic Linker Cache...
2026-04-03T09:14:43.436313+00:00 ip-172-31-46-10 systemd[1]: Starting plymouth-read-write.service - Tell Plymouth To Write Out Runtime Data...
2026-04-03T09:14:43.436317+00:00 ip-172-31-46-10 apparmor.systemd[289]: Restarting AppArmor
2026-04-03T09:14:43.436322+00:00 ip-172-31-46-10 apparmor.systemd[289]: Reloading AppArmor profiles
2026-04-03T09:14:43.436330+00:00 ip-172-31-46-10 systemd[1]: Starting systemd-binfmt.service - Set Up Additional Binary Formats...
2026-04-03T09:14:43.436334+00:00 ip-172-31-46-10 systemd[1]: Starting systemd-tmpfiles-setup.service - Create Volatile Files and Directories...
2026-04-03T09:14:43.436339+00:00 ip-172-31-46-10 systemd[1]: Starting ufw.service - Uncomplicated firewall...
2026-04-03T09:14:43.436343+00:00 ip-172-31-46-10 systemd[1]: Finished console-setup.service - Set console font and keymap.
2026-04-03T09:14:43.436348+00:00 ip-172-31-46-10 systemd[1]: Finished finalrd.service - Create final runtime dir for shutdown pivot root.
2026-04-03T09:14:43.436352+00:00 ip-172-31-46-10 systemd[1]: Finished plymouth-read-write.service - Tell Plymouth To Write Out Runtime Data.
2026-04-03T09:14:43.436359+00:00 ip-172-31-46-10 systemd[1]: Finished ufw.service - Uncomplicated firewall.
2026-04-03T09:14:43.436363+00:00 ip-172-31-46-10 systemd[1]: proc-sys-fs-binfmt_misc.automount: Got automount request for /proc/sys/fs/binfmt_misc, triggered by 300 (systemd-binfmt)
2026-04-03T09:14:43.436367+00:00 ip-172-31-46-10 systemd[1]: Mounting proc-sys-fs-binfmt_misc.mount - Arbitrary Executable File Formats File System...
2026-04-03T09:14:43.436372+00:00 ip-172-31-46-10 systemd[1]: Finished systemd-tmpfiles-setup.service - Create Volatile Files and Directories.
2026-04-03T09:14:43.436376+00:00 ip-172-31-46-10 systemd[1]: systemd-firstboot.service - First Boot Wizard was skipped because of an unmet condition check (ConditionFirstBoot=yes).
2026-04-03T09:14:43.436384+00:00 ip-172-31-46-10 systemd[1]: first-boot-complete.target - First Boot Complete was skipped because of an unmet condition check (ConditionFirstBoot=yes).
2026-04-03T09:14:43.436388+00:00 ip-172-31-46-10 systemd[1]: Starting systemd-journal-catalog-update.service - Rebuild Journal Catalog...
2026-04-03T09:14:43.436393+00:00 ip-172-31-46-10 systemd[1]: Starting systemd-machine-id-commit.service - Commit a transient machine-id on disk...
2026-04-03T09:14:43.436397+00:00 ip-172-31-46-10 systemd[1]: Starting systemd-resolved.service - Network Name Resolution...
2026-04-03T09:14:43.436401+00:00 ip-172-31-46-10 systemd[1]: Starting systemd-update-utmp.service - Record System Boot/Shutdown in UTMP...
2026-04-03T09:14:43.436406+00:00 ip-172-31-46-10 systemd[1]: Mounted proc-sys-fs-binfmt_misc.mount - Arbitrary Executable File Formats File System.
2026-04-03T09:14:43.436413+00:00 ip-172-31-46-10 systemd[1]: Finished systemd-binfmt.service - Set Up Additional Binary Formats.
2026-04-03T09:14:43.436418+00:00 ip-172-31-46-10 systemd[1]: Finished systemd-update-utmp.service - Record System Boot/Shutdown in UTMP.
2026-04-03T09:14:43.436423+00:00 ip-172-31-46-10 systemd[1]: etc-machine\x2did.mount: Deactivated successfully.
2026-04-03T09:14:43.436429+00:00 ip-172-31-46-10 systemd[1]: Finished systemd-machine-id-commit.service - Commit a transient machine-id on disk.
2026-04-03T09:14:43.436434+00:00 ip-172-31-46-10 systemd[1]: Finished systemd-journal-catalog-update.service - Rebuild Journal Catalog.
2026-04-03T09:14:43.436438+00:00 ip-172-31-46-10 systemd-resolved[329]: Positive Trust Anchors:
2026-04-03T09:14:43.436446+00:00 ip-172-31-46-10 systemd-resolved[329]: . IN DS 20326 8 2 e06d44b80b8f1d39a95c0b0d7c65d08458e880409bbc683457104237c7f8ec8d
2026-04-03T09:14:43.436452+00:00 ip-172-31-46-10 systemd-resolved[329]: Negative trust anchors: home.arpa 10.in-addr.arpa 16.172.in-addr.arpa 17.172.in-addr.arpa 18.172.in-addr.arpa 19.172.in-addr.arpa 20.172.in-addr.arpa 21.172.in-addr.arpa 22.172.in-addr.arpa 23.172.in-addr.arpa 24.172.in-addr.arpa 25.172.in-addr.arpa 26.172.in-addr.arpa 27.172.in-addr.arpa 28.172.in-addr.arpa 29.172.in-addr.arpa 30.172.in-addr.arpa 31.172.in-addr.arpa 170.0.0.192.in-addr.arpa 171.0.0.192.in-addr.arpa 168.192.in-addr.arpa d.f.ip6.arpa ipv4only.arpa corp home internal intranet lan local private test
2026-04-03T09:14:43.436457+00:00 ip-172-31-46-10 systemd-resolved[329]: Using system hostname 'ubuntu'.
2026-04-03T09:14:43.436462+00:00 ip-172-31-46-10 systemd[1]: Started systemd-resolved.service - Network Name Resolution.
2026-04-03T09:14:43.436466+00:00 ip-172-31-46-10 systemd[1]: Reached target nss-lookup.target - Host and Network Name Lookups.
2026-04-03T09:14:43.436474+00:00 ip-172-31-46-10 systemd[1]: Finished apparmor.service - Load AppArmor profiles.
2026-04-03T09:14:43.436479+00:00 ip-172-31-46-10 systemd[1]: Starting snapd.apparmor.service - Load AppArmor profiles managed internally by snapd...
2026-04-03T09:14:43.436483+00:00 ip-172-31-46-10 systemd[1]: vgauth.service - Authentication service for virtual machines hosted on VMware was skipped because of an unmet condition check (ConditionVirtualization=vmware).
2026-04-03T09:14:43.436487+00:00 ip-172-31-46-10 systemd[1]: open-vm-tools.service - Service for virtual machines hosted on VMware was skipped because of an unmet condition check (ConditionVirtualization=vmware).
2026-04-03T09:14:43.436491+00:00 ip-172-31-46-10 systemd[1]: Starting cloud-init-local.service - Cloud-init: Local Stage (pre-network)...
2026-04-03T09:14:43.436499+00:00 ip-172-31-46-10 snapd-apparmor[432]: main.go:146: Loading profiles [/var/lib/snapd/apparmor/profiles/snap-confine.snapd.26382 /var/lib/snapd/apparmor/profiles/snap-update-ns.amazon-ssm-agent /var/lib/snapd/apparmor/profiles/snap.amazon-ssm-agent.amazon-ssm-agent /var/lib/snapd/apparmor/profiles/snap.amazon-ssm-agent.ssm-cli]
2026-04-03T09:14:43.436505+00:00 ip-172-31-46-10 systemd[1]: Finished snapd.apparmor.service - Load AppArmor profiles managed internally by snapd.
2026-04-03T09:14:43.436509+00:00 ip-172-31-46-10 systemd[1]: Finished ldconfig.service - Rebuild Dynamic Linker Cache.
2026-04-03T09:14:43.436514+00:00 ip-172-31-46-10 systemd[1]: Starting systemd-update-done.service - Update is Completed...
2026-04-03T09:14:43.436519+00:00 ip-172-31-46-10 systemd[1]: Finished systemd-update-done.service - Update is Completed.
2026-04-03T09:14:43.436524+00:00 ip-172-31-46-10 cloud-init[456]: Cloud-init v. 25.3-0ubuntu1~24.04.1 running 'init-local' at Fri, 03 Apr 2026 09:14:36 +0000. Up 4.16 seconds.
2026-04-03T09:14:43.436537+00:00 ip-172-31-46-10 dhcpcd[459]: dhcpcd-10.0.6 starting
2026-04-03T09:14:43.436543+00:00 ip-172-31-46-10 dhcpcd[462]: DUID 00:01:00:01:31:62:41:7c:06:c7:d4:d7:ea:59
2026-04-03T09:14:43.436547+00:00 ip-172-31-46-10 dhcpcd[462]: ens5: IAID d4:d7:ea:59
2026-04-03T09:14:43.436552+00:00 ip-172-31-46-10 dhcpcd[462]: ens5: soliciting a DHCP lease
2026-04-03T09:14:43.436556+00:00 ip-172-31-46-10 dhcpcd[462]: ens5: offered 172.31.46.10 from 172.31.32.1
2026-04-03T09:14:43.436561+00:00 ip-172-31-46-10 dhcpcd[462]: ens5: leased 172.31.46.10 for 3600 seconds
2026-04-03T09:14:43.436569+00:00 ip-172-31-46-10 dhcpcd[462]: ens5: adding route to 172.31.32.0/20
2026-04-03T09:14:43.436574+00:00 ip-172-31-46-10 dhcpcd[462]: ens5: adding default route via 172.31.32.1
2026-04-03T09:14:43.436579+00:00 ip-172-31-46-10 dhcpcd[462]: control command: dhcpcd --dumplease --ipv4only ens5
2026-04-03T09:14:43.436585+00:00 ip-172-31-46-10 systemd-resolved[329]: System hostname changed to 'ip-172-31-46-10'.
2026-04-03T09:14:43.436589+00:00 ip-172-31-46-10 systemd[1]: netplan-ovs-cleanup.service - OpenVSwitch configuration for cleanup was skipped because of an unmet condition check (ConditionFileIsExecutable=/usr/bin/ovs-vsctl).
2026-04-03T09:14:43.436607+00:00 ip-172-31-46-10 systemd[1]: message repeated 2 times: [ netplan-ovs-cleanup.service - OpenVSwitch configuration for cleanup was skipped because of an unmet condition check (ConditionFileIsExecutable=/usr/bin/ovs-vsctl).]
2026-04-03T09:14:43.436613+00:00 ip-172-31-46-10 systemd[1]: Reloading requested from client PID 492 ('systemctl') (unit cloud-init-local.service)...
2026-04-03T09:14:43.436622+00:00 ip-172-31-46-10 systemd[1]: Reloading...
2026-04-03T09:14:43.436627+00:00 ip-172-31-46-10 systemd[1]: Reloading finished in 213 ms.
2026-04-03T09:14:43.436631+00:00 ip-172-31-46-10 systemd[1]: Finished cloud-init-local.service - Cloud-init: Local Stage (pre-network).
2026-04-03T09:14:43.436639+00:00 ip-172-31-46-10 systemd[1]: Reached target network-pre.target - Preparation for Network.
2026-04-03T09:14:43.436643+00:00 ip-172-31-46-10 systemd[1]: Starting systemd-networkd.service - Network Configuration...
2026-04-03T09:14:43.436647+00:00 ip-172-31-46-10 systemd-networkd[527]: lo: Link UP
2026-04-03T09:14:43.436652+00:00 ip-172-31-46-10 systemd-networkd[527]: lo: Gained carrier
2026-04-03T09:14:43.436656+00:00 ip-172-31-46-10 systemd-networkd[527]: Enumeration completed
2026-04-03T09:14:43.436661+00:00 ip-172-31-46-10 systemd-networkd[527]: ens5: Link UP
2026-04-03T09:14:43.436666+00:00 ip-172-31-46-10 systemd-networkd[527]: ens5: Gained carrier
2026-04-03T09:14:43.436673+00:00 ip-172-31-46-10 systemd-networkd[527]: ens5: Link DOWN
2026-04-03T09:14:43.436677+00:00 ip-172-31-46-10 systemd-networkd[527]: ens5: Lost carrier
2026-04-03T09:14:43.436682+00:00 ip-172-31-46-10 systemd[1]: Started systemd-networkd.service - Network Configuration.
2026-04-03T09:14:43.436686+00:00 ip-172-31-46-10 systemd-networkd[527]: ens5: Configuring with /run/systemd/network/10-netplan-ens5.network.
2026-04-03T09:14:43.436690+00:00 ip-172-31-46-10 systemd[1]: Reached target network.target - Network.
2026-04-03T09:14:43.436694+00:00 ip-172-31-46-10 systemd-networkd[527]: ens5: Link UP
2026-04-03T09:14:43.436702+00:00 ip-172-31-46-10 systemd-networkd[527]: ens5: Gained carrier
2026-04-03T09:14:43.436707+00:00 ip-172-31-46-10 systemd[1]: Starting systemd-networkd-wait-online.service - Wait for Network to be Configured...
2026-04-03T09:14:43.436711+00:00 ip-172-31-46-10 systemd-networkd[527]: ens5: DHCPv4 address 172.31.46.10/20, gateway 172.31.32.1 acquired from 172.31.32.1
2026-04-03T09:14:43.436716+00:00 ip-172-31-46-10 systemd-networkd[527]: ens5: Gained IPv6LL
2026-04-03T09:14:43.436720+00:00 ip-172-31-46-10 systemd[1]: Finished systemd-networkd-wait-online.service - Wait for Network to be Configured.
2026-04-03T09:14:43.436725+00:00 ip-172-31-46-10 systemd[1]: Starting cloud-init.service - Cloud-init: Network Stage...
2026-04-03T09:14:43.436732+00:00 ip-172-31-46-10 cloud-init[537]: Cloud-init v. 25.3-0ubuntu1~24.04.1 running 'init' at Fri, 03 Apr 2026 09:14:40 +0000. Up 8.50 seconds.
2026-04-03T09:14:43.436737+00:00 ip-172-31-46-10 cloud-init[537]: ci-info: ++++++++++++++++++++++++++++++++++++++Net device info+++++++++++++++++++++++++++++++++++++++
2026-04-03T09:14:43.436742+00:00 ip-172-31-46-10 cloud-init[537]: ci-info: +--------+------+-----------------------------+---------------+--------+-------------------+
2026-04-03T09:14:43.436747+00:00 ip-172-31-46-10 cloud-init[537]: ci-info: | Device |  Up  |           Address           |      Mask     | Scope  |     Hw-Address    |
2026-04-03T09:14:43.436751+00:00 ip-172-31-46-10 cloud-init[537]: ci-info: +--------+------+-----------------------------+---------------+--------+-------------------+
2026-04-03T09:14:43.436765+00:00 ip-172-31-46-10 cloud-init[537]: ci-info: |  ens5  | True |         172.31.46.10        | 255.255.240.0 | global | 06:c7:d4:d7:ea:59 |
2026-04-03T09:14:43.436769+00:00 ip-172-31-46-10 cloud-init[537]: ci-info: |  ens5  | True | fe80::4c7:d4ff:fed7:ea59/64 |       .       |  link  | 06:c7:d4:d7:ea:59 |
2026-04-03T09:14:43.436774+00:00 ip-172-31-46-10 cloud-init[537]: ci-info: |   lo   | True |          127.0.0.1          |   255.0.0.0   |  host  |         .         |
2026-04-03T09:14:43.436779+00:00 ip-172-31-46-10 cloud-init[537]: ci-info: |   lo   | True |           ::1/128           |       .       |  host  |         .         |
2026-04-03T09:14:43.436783+00:00 ip-172-31-46-10 cloud-init[537]: ci-info: +--------+------+-----------------------------+---------------+--------+-------------------+
2026-04-03T09:14:43.436793+00:00 ip-172-31-46-10 cloud-init[537]: ci-info: ++++++++++++++++++++++++++++++Route IPv4 info++++++++++++++++++++++++++++++
2026-04-03T09:14:43.436798+00:00 ip-172-31-46-10 cloud-init[537]: ci-info: +-------+-------------+-------------+-----------------+-----------+-------+
2026-04-03T09:14:43.436803+00:00 ip-172-31-46-10 cloud-init[537]: ci-info: | Route | Destination |   Gateway   |     Genmask     | Interface | Flags |
2026-04-03T09:14:43.436807+00:00 ip-172-31-46-10 cloud-init[537]: ci-info: +-------+-------------+-------------+-----------------+-----------+-------+
2026-04-03T09:14:43.436812+00:00 ip-172-31-46-10 cloud-init[537]: ci-info: |   0   |   0.0.0.0   | 172.31.32.1 |     0.0.0.0     |    ens5   |   UG  |
2026-04-03T09:14:43.436821+00:00 ip-172-31-46-10 cloud-init[537]: ci-info: |   1   |  172.31.0.2 | 172.31.32.1 | 255.255.255.255 |    ens5   |  UGH  |
2026-04-03T09:14:43.436826+00:00 ip-172-31-46-10 cloud-init[537]: ci-info: |   2   | 172.31.32.0 |   0.0.0.0   |  255.255.240.0  |    ens5   |   U   |
2026-04-03T09:14:43.436831+00:00 ip-172-31-46-10 cloud-init[537]: ci-info: |   3   | 172.31.32.1 |   0.0.0.0   | 255.255.255.255 |    ens5   |   UH  |
2026-04-03T09:14:43.436834+00:00 ip-172-31-46-10 cloud-init[537]: ci-info: +-------+-------------+-------------+-----------------+-----------+-------+
2026-04-03T09:14:43.436839+00:00 ip-172-31-46-10 cloud-init[537]: ci-info: +++++++++++++++++++Route IPv6 info+++++++++++++++++++
2026-04-03T09:14:43.436844+00:00 ip-172-31-46-10 cloud-init[537]: ci-info: +-------+-------------+---------+-----------+-------+
2026-04-03T09:14:43.436853+00:00 ip-172-31-46-10 cloud-init[537]: ci-info: | Route | Destination | Gateway | Interface | Flags |
2026-04-03T09:14:43.436858+00:00 ip-172-31-46-10 cloud-init[537]: ci-info: +-------+-------------+---------+-----------+-------+
2026-04-03T09:14:43.436862+00:00 ip-172-31-46-10 cloud-init[537]: ci-info: |   0   |  fe80::/64  |    ::   |    ens5   |   U   |
2026-04-03T09:14:43.436867+00:00 ip-172-31-46-10 cloud-init[537]: ci-info: |   2   |    local    |    ::   |    ens5   |   U   |
2026-04-03T09:14:43.436871+00:00 ip-172-31-46-10 cloud-init[537]: ci-info: |   3   |  multicast  |    ::   |    ens5   |   U   |
2026-04-03T09:14:43.436876+00:00 ip-172-31-46-10 cloud-init[537]: ci-info: +-------+-------------+---------+-----------+-------+
2026-04-03T09:14:43.435776+00:00 ip-172-31-46-10 kernel: Linux version 6.17.0-1009-aws (buildd@lcy02-amd64-023) (x86_64-linux-gnu-gcc-13 (Ubuntu 13.3.0-6ubuntu2~24.04.1) 13.3.0, GNU ld (GNU Binutils for Ubuntu) 2.42) #9~24.04.2-Ubuntu SMP Fri Mar  6 23:50:29 UTC 2026 (Ubuntu 6.17.0-1009.9~24.04.2-aws 6.17.13)
2026-04-03T09:14:43.437991+00:00 ip-172-31-46-10 kernel: Command line: BOOT_IMAGE=/vmlinuz-6.17.0-1009-aws root=PARTUUID=b615f18f-07f8-41c2-a9f5-79eac78bca9c ro console=tty1 console=ttyS0 nvme_core.io_timeout=4294967295 panic=-1
2026-04-03T09:14:43.437996+00:00 ip-172-31-46-10 kernel: KERNEL supported cpus:
2026-04-03T09:14:43.437997+00:00 ip-172-31-46-10 kernel:   Intel GenuineIntel
2026-04-03T09:14:43.437997+00:00 ip-172-31-46-10 kernel:   AMD AuthenticAMD
2026-04-03T09:14:43.437998+00:00 ip-172-31-46-10 kernel:   Hygon HygonGenuine
2026-04-03T09:14:43.437999+00:00 ip-172-31-46-10 kernel:   Centaur CentaurHauls
2026-04-03T09:14:43.438003+00:00 ip-172-31-46-10 kernel:   zhaoxin   Shanghai  
2026-04-03T09:14:43.438004+00:00 ip-172-31-46-10 kernel: BIOS-provided physical RAM map:
2026-04-03T09:14:43.438005+00:00 ip-172-31-46-10 kernel: BIOS-e820: [mem 0x0000000000000000-0x000000000009ffff] usable
2026-04-03T09:14:43.438006+00:00 ip-172-31-46-10 kernel: BIOS-e820: [mem 0x0000000000100000-0x00000000390cdfff] usable
2026-04-03T09:14:43.438006+00:00 ip-172-31-46-10 kernel: BIOS-e820: [mem 0x00000000390ce000-0x000000003934dfff] reserved
2026-04-03T09:14:43.438007+00:00 ip-172-31-46-10 kernel: BIOS-e820: [mem 0x000000003934e000-0x000000003935dfff] ACPI data
2026-04-03T09:14:43.438011+00:00 ip-172-31-46-10 kernel: BIOS-e820: [mem 0x000000003935e000-0x00000000393ddfff] ACPI NVS
2026-04-03T09:14:43.438012+00:00 ip-172-31-46-10 kernel: BIOS-e820: [mem 0x00000000393de000-0x000000003d37bfff] usable
2026-04-03T09:14:43.438013+00:00 ip-172-31-46-10 kernel: BIOS-e820: [mem 0x000000003d37c000-0x000000003d3fffff] reserved
2026-04-03T09:14:43.438013+00:00 ip-172-31-46-10 kernel: NX (Execute Disable) protection: active
2026-04-03T09:14:43.438014+00:00 ip-172-31-46-10 kernel: APIC: Static calls initialized
2026-04-03T09:14:43.438014+00:00 ip-172-31-46-10 kernel: efi: EFI v2.7 by EDK II
2026-04-03T09:14:43.438015+00:00 ip-172-31-46-10 kernel: efi: SMBIOS=0x3926a000 ACPI=0x3935d000 ACPI 2.0=0x3935d014 MEMATTR=0x37a15518 MOKvar=0x39258000 INITRD=0x372cd018 
2026-04-03T09:14:43.438019+00:00 ip-172-31-46-10 kernel: SMBIOS 2.7 present.
2026-04-03T09:14:43.438020+00:00 ip-172-31-46-10 kernel: DMI: Amazon EC2 t3.micro/, BIOS 1.0 10/16/2017
2026-04-03T09:14:43.438020+00:00 ip-172-31-46-10 kernel: DMI: Memory slots populated: 1/1
2026-04-03T09:14:43.438021+00:00 ip-172-31-46-10 kernel: secureboot: Secure boot disabled
2026-04-03T09:14:43.438021+00:00 ip-172-31-46-10 kernel: Hypervisor detected: KVM
2026-04-03T09:14:43.438022+00:00 ip-172-31-46-10 kernel: last_pfn = 0x3d37c max_arch_pfn = 0x400000000
2026-04-03T09:14:43.438026+00:00 ip-172-31-46-10 kernel: kvm-clock: Using msrs 4b564d01 and 4b564d00
2026-04-03T09:14:43.438027+00:00 ip-172-31-46-10 kernel: kvm-clock: using sched offset of 1868082263 cycles
2026-04-03T09:14:43.438027+00:00 ip-172-31-46-10 kernel: clocksource: kvm-clock: mask: 0xffffffffffffffff max_cycles: 0x1cd42e4dffb, max_idle_ns: 881590591483 ns
2026-04-03T09:14:43.438028+00:00 ip-172-31-46-10 kernel: tsc: Detected 2499.994 MHz processor
2026-04-03T09:14:43.438029+00:00 ip-172-31-46-10 kernel: e820: update [mem 0x00000000-0x00000fff] usable ==> reserved
2026-04-03T09:14:43.438029+00:00 ip-172-31-46-10 kernel: e820: remove [mem 0x000a0000-0x000fffff] usable
2026-04-03T09:14:43.438033+00:00 ip-172-31-46-10 kernel: last_pfn = 0x3d37c max_arch_pfn = 0x400000000
2026-04-03T09:14:43.438034+00:00 ip-172-31-46-10 kernel: MTRR map: 4 entries (2 fixed + 2 variable; max 18), built from 8 variable MTRRs
2026-04-03T09:14:43.438035+00:00 ip-172-31-46-10 kernel: x86/PAT: Configuration [0-7]: WB  WC  UC- UC  WB  WP  UC- WT  
2026-04-03T09:14:43.438035+00:00 ip-172-31-46-10 kernel: Using GB pages for direct mapping
2026-04-03T09:14:43.438036+00:00 ip-172-31-46-10 kernel: secureboot: Secure boot disabled
2026-04-03T09:14:43.438037+00:00 ip-172-31-46-10 kernel: RAMDISK: [mem 0x31c5b000-0x32a9cfff]
2026-04-03T09:14:43.438037+00:00 ip-172-31-46-10 kernel: ACPI: Early table checksum verification disabled
2026-04-03T09:14:43.438041+00:00 ip-172-31-46-10 kernel: ACPI: RSDP 0x000000003935D014 000024 (v02 AMAZON)
2026-04-03T09:14:43.438042+00:00 ip-172-31-46-10 kernel: ACPI: XSDT 0x000000003935C0E8 00006C (v01 AMAZON AMZNFACP 00000001      01000013)
2026-04-03T09:14:43.438042+00:00 ip-172-31-46-10 kernel: ACPI: FACP 0x0000000039355000 000114 (v01 AMAZON AMZNFACP 00000001 AMZN 00000001)
2026-04-03T09:14:43.438043+00:00 ip-172-31-46-10 kernel: ACPI: DSDT 0x0000000039356000 00115A (v01 AMAZON AMZNDSDT 00000001 AMZN 00000001)
2026-04-03T09:14:43.438044+00:00 ip-172-31-46-10 kernel: ACPI: FACS 0x00000000393D0000 000040
2026-04-03T09:14:43.438044+00:00 ip-172-31-46-10 kernel: ACPI: WAET 0x000000003935B000 000028 (v01 AMAZON AMZNWAET 00000001 AMZN 00000001)
2026-04-03T09:14:43.438048+00:00 ip-172-31-46-10 kernel: ACPI: SLIT 0x000000003935A000 00006C (v01 AMAZON AMZNSLIT 00000001 AMZN 00000001)
2026-04-03T09:14:43.438049+00:00 ip-172-31-46-10 kernel: ACPI: APIC 0x0000000039359000 000076 (v01 AMAZON AMZNAPIC 00000001 AMZN 00000001)
2026-04-03T09:14:43.438050+00:00 ip-172-31-46-10 kernel: ACPI: SRAT 0x0000000039358000 0000A0 (v01 AMAZON AMZNSRAT 00000001 AMZN 00000001)
2026-04-03T09:14:43.438050+00:00 ip-172-31-46-10 kernel: ACPI: HPET 0x0000000039354000 000038 (v01 AMAZON AMZNHPET 00000001 AMZN 00000001)
2026-04-03T09:14:43.438051+00:00 ip-172-31-46-10 kernel: ACPI: SSDT 0x0000000039353000 000759 (v01 AMAZON AMZNSSDT 00000001 AMZN 00000001)
2026-04-03T09:14:43.438051+00:00 ip-172-31-46-10 kernel: ACPI: SSDT 0x0000000039352000 0000D1 (v01 AMAZON AMZNSSDT 00000001 AMZN 00000001)
2026-04-03T09:14:43.438055+00:00 ip-172-31-46-10 kernel: ACPI: BGRT 0x0000000039351000 000038 (v01 AMAZON AMAZON   00000002      01000013)
2026-04-03T09:14:43.438056+00:00 ip-172-31-46-10 kernel: ACPI: Reserving FACP table memory at [mem 0x39355000-0x39355113]
2026-04-03T09:14:43.438056+00:00 ip-172-31-46-10 kernel: ACPI: Reserving DSDT table memory at [mem 0x39356000-0x39357159]
2026-04-03T09:14:43.438057+00:00 ip-172-31-46-10 kernel: ACPI: Reserving FACS table memory at [mem 0x393d0000-0x393d003f]
2026-04-03T09:14:43.438058+00:00 ip-172-31-46-10 kernel: ACPI: Reserving WAET table memory at [mem 0x3935b000-0x3935b027]
2026-04-03T09:14:43.438058+00:00 ip-172-31-46-10 kernel: ACPI: Reserving SLIT table memory at [mem 0x3935a000-0x3935a06b]
2026-04-03T09:14:43.438059+00:00 ip-172-31-46-10 kernel: ACPI: Reserving APIC table memory at [mem 0x39359000-0x39359075]
2026-04-03T09:14:43.438063+00:00 ip-172-31-46-10 kernel: ACPI: Reserving SRAT table memory at [mem 0x39358000-0x3935809f]
2026-04-03T09:14:43.438064+00:00 ip-172-31-46-10 kernel: ACPI: Reserving HPET table memory at [mem 0x39354000-0x39354037]
2026-04-03T09:14:43.438065+00:00 ip-172-31-46-10 kernel: ACPI: Reserving SSDT table memory at [mem 0x39353000-0x39353758]
2026-04-03T09:14:43.438065+00:00 ip-172-31-46-10 kernel: ACPI: Reserving SSDT table memory at [mem 0x39352000-0x393520d0]
2026-04-03T09:14:43.438066+00:00 ip-172-31-46-10 kernel: ACPI: Reserving BGRT table memory at [mem 0x39351000-0x39351037]
2026-04-03T09:14:43.438067+00:00 ip-172-31-46-10 kernel: ACPI: SRAT: Node 0 PXM 0 [mem 0x00000000-0x3fffffff]
2026-04-03T09:14:43.438070+00:00 ip-172-31-46-10 kernel: NODE_DATA(0) allocated [mem 0x3b2cb2c0-0x3b2f5fff]
2026-04-03T09:14:43.438071+00:00 ip-172-31-46-10 kernel: Zone ranges:
2026-04-03T09:14:43.438072+00:00 ip-172-31-46-10 kernel:   DMA      [mem 0x0000000000001000-0x0000000000ffffff]
2026-04-03T09:14:43.438072+00:00 ip-172-31-46-10 kernel:   DMA32    [mem 0x0000000001000000-0x000000003d37bfff]
2026-04-03T09:14:43.438073+00:00 ip-172-31-46-10 kernel:   Normal   empty
2026-04-03T09:14:43.438074+00:00 ip-172-31-46-10 kernel:   Device   empty
2026-04-03T09:14:43.438074+00:00 ip-172-31-46-10 kernel: Movable zone start for each node
2026-04-03T09:14:43.438078+00:00 ip-172-31-46-10 kernel: Early memory node ranges
2026-04-03T09:14:43.438079+00:00 ip-172-31-46-10 kernel:   node   0: [mem 0x0000000000001000-0x000000000009ffff]
2026-04-03T09:14:43.438079+00:00 ip-172-31-46-10 kernel:   node   0: [mem 0x0000000000100000-0x00000000390cdfff]
2026-04-03T09:14:43.438080+00:00 ip-172-31-46-10 kernel:   node   0: [mem 0x00000000393de000-0x000000003d37bfff]
2026-04-03T09:14:43.438081+00:00 ip-172-31-46-10 kernel: Initmem setup node 0 [mem 0x0000000000001000-0x000000003d37bfff]
2026-04-03T09:14:43.438082+00:00 ip-172-31-46-10 kernel: On node 0, zone DMA: 1 pages in unavailable ranges
2026-04-03T09:14:43.438085+00:00 ip-172-31-46-10 kernel: On node 0, zone DMA: 96 pages in unavailable ranges
2026-04-03T09:14:43.438086+00:00 ip-172-31-46-10 kernel: On node 0, zone DMA32: 784 pages in unavailable ranges
2026-04-03T09:14:43.438086+00:00 ip-172-31-46-10 kernel: On node 0, zone DMA32: 11396 pages in unavailable ranges
2026-04-03T09:14:43.438087+00:00 ip-172-31-46-10 kernel: ACPI: PM-Timer IO Port: 0xb008
2026-04-03T09:14:43.438088+00:00 ip-172-31-46-10 kernel: ACPI: LAPIC_NMI (acpi_id[0xff] dfl dfl lint[0x1])
2026-04-03T09:14:43.438089+00:00 ip-172-31-46-10 kernel: IOAPIC[0]: apic_id 0, version 32, address 0xfec00000, GSI 0-23
2026-04-03T09:14:43.438092+00:00 ip-172-31-46-10 kernel: ACPI: INT_SRC_OVR (bus 0 bus_irq 5 global_irq 5 high level)
2026-04-03T09:14:43.438093+00:00 ip-172-31-46-10 kernel: ACPI: INT_SRC_OVR (bus 0 bus_irq 9 global_irq 9 high level)
2026-04-03T09:14:43.438094+00:00 ip-172-31-46-10 kernel: ACPI: INT_SRC_OVR (bus 0 bus_irq 10 global_irq 10 high level)
2026-04-03T09:14:43.438094+00:00 ip-172-31-46-10 kernel: ACPI: INT_SRC_OVR (bus 0 bus_irq 11 global_irq 11 high level)
2026-04-03T09:14:43.438095+00:00 ip-172-31-46-10 kernel: ACPI: Using ACPI (MADT) for SMP configuration information
2026-04-03T09:14:43.438096+00:00 ip-172-31-46-10 kernel: ACPI: HPET id: 0x8086a201 base: 0xfed00000
2026-04-03T09:14:43.438097+00:00 ip-172-31-46-10 kernel: e820: update [mem 0x37337000-0x37352fff] usable ==> reserved
2026-04-03T09:14:43.438100+00:00 ip-172-31-46-10 kernel: TSC deadline timer available
2026-04-03T09:14:43.438101+00:00 ip-172-31-46-10 kernel: CPU topo: Max. logical packages:   1
2026-04-03T09:14:43.438102+00:00 ip-172-31-46-10 kernel: CPU topo: Max. logical dies:       1
2026-04-03T09:14:43.438103+00:00 ip-172-31-46-10 kernel: CPU topo: Max. dies per package:   1
2026-04-03T09:14:43.438103+00:00 ip-172-31-46-10 kernel: CPU topo: Max. threads per core:   2
2026-04-03T09:14:43.438104+00:00 ip-172-31-46-10 kernel: CPU topo: Num. cores per package:     1
2026-04-03T09:14:43.438108+00:00 ip-172-31-46-10 kernel: CPU topo: Num. threads per package:   2
2026-04-03T09:14:43.438109+00:00 ip-172-31-46-10 kernel: CPU topo: Allowing 2 present CPUs plus 0 hotplug CPUs
2026-04-03T09:14:43.438109+00:00 ip-172-31-46-10 kernel: kvm-guest: APIC: eoi() replaced with kvm_guest_apic_eoi_write()
2026-04-03T09:14:43.438110+00:00 ip-172-31-46-10 kernel: PM: hibernation: Registered nosave memory: [mem 0x00000000-0x00000fff]
2026-04-03T09:14:43.438111+00:00 ip-172-31-46-10 kernel: PM: hibernation: Registered nosave memory: [mem 0x000a0000-0x000fffff]
2026-04-03T09:14:43.438111+00:00 ip-172-31-46-10 kernel: PM: hibernation: Registered nosave memory: [mem 0x37337000-0x37352fff]
2026-04-03T09:14:43.438112+00:00 ip-172-31-46-10 kernel: PM: hibernation: Registered nosave memory: [mem 0x390ce000-0x393ddfff]
2026-04-03T09:14:43.438116+00:00 ip-172-31-46-10 kernel: [mem 0x3d400000-0xffffffff] available for PCI devices
2026-04-03T09:14:43.438117+00:00 ip-172-31-46-10 kernel: Booting paravirtualized kernel on KVM
2026-04-03T09:14:43.438117+00:00 ip-172-31-46-10 kernel: clocksource: refined-jiffies: mask: 0xffffffff max_cycles: 0xffffffff, max_idle_ns: 1910969940391419 ns
2026-04-03T09:14:43.438118+00:00 ip-172-31-46-10 kernel: setup_percpu: NR_CPUS:8192 nr_cpumask_bits:2 nr_cpu_ids:2 nr_node_ids:1
2026-04-03T09:14:43.438119+00:00 ip-172-31-46-10 kernel: percpu: Embedded 84 pages/cpu s221184 r8192 d114688 u1048576
2026-04-03T09:14:43.438208+00:00 ip-172-31-46-10 kernel: pcpu-alloc: s221184 r8192 d114688 u1048576 alloc=1*2097152
2026-04-03T09:14:43.438212+00:00 ip-172-31-46-10 kernel: pcpu-alloc: [0] 0 1 
2026-04-03T09:14:43.438213+00:00 ip-172-31-46-10 kernel: kvm-guest: PV spinlocks enabled
2026-04-03T09:14:43.438213+00:00 ip-172-31-46-10 kernel: PV qspinlock hash table entries: 256 (order: 0, 4096 bytes, linear)
2026-04-03T09:14:43.438214+00:00 ip-172-31-46-10 kernel: Kernel command line: BOOT_IMAGE=/vmlinuz-6.17.0-1009-aws root=PARTUUID=b615f18f-07f8-41c2-a9f5-79eac78bca9c ro console=tty1 console=ttyS0 nvme_core.io_timeout=4294967295 panic=-1
2026-04-03T09:14:43.438215+00:00 ip-172-31-46-10 kernel: random: crng init done
2026-04-03T09:14:43.438215+00:00 ip-172-31-46-10 kernel: printk: log buffer data + meta data: 262144 + 917504 = 1179648 bytes
2026-04-03T09:14:43.438223+00:00 ip-172-31-46-10 kernel: Dentry cache hash table entries: 131072 (order: 8, 1048576 bytes, linear)
2026-04-03T09:14:43.438224+00:00 ip-172-31-46-10 kernel: Inode-cache hash table entries: 65536 (order: 7, 524288 bytes, linear)
2026-04-03T09:14:43.438225+00:00 ip-172-31-46-10 kernel: Fallback order for Node 0: 0 
2026-04-03T09:14:43.438226+00:00 ip-172-31-46-10 kernel: Built 1 zonelists, mobility grouping on.  Total pages: 249867
2026-04-03T09:14:43.438226+00:00 ip-172-31-46-10 kernel: Policy zone: DMA32
2026-04-03T09:14:43.438227+00:00 ip-172-31-46-10 kernel: mem auto-init: stack:all(zero), heap alloc:on, heap free:off
2026-04-03T09:14:43.438230+00:00 ip-172-31-46-10 kernel: SLUB: HWalign=64, Order=0-3, MinObjects=0, CPUs=2, Nodes=1
2026-04-03T09:14:43.438231+00:00 ip-172-31-46-10 kernel: Kernel/User page tables isolation: enabled
2026-04-03T09:14:43.438231+00:00 ip-172-31-46-10 kernel: ftrace section at ffffffff8f4cfbc0 sorted properly
2026-04-03T09:14:43.438232+00:00 ip-172-31-46-10 kernel: ftrace: allocating 61501 entries in 242 pages
2026-04-03T09:14:43.438232+00:00 ip-172-31-46-10 kernel: ftrace: allocated 242 pages with 5 groups
2026-04-03T09:14:43.438233+00:00 ip-172-31-46-10 kernel: rcu: Hierarchical RCU implementation.
2026-04-03T09:14:43.438233+00:00 ip-172-31-46-10 kernel: rcu: 	RCU restricting CPUs from NR_CPUS=8192 to nr_cpu_ids=2.
2026-04-03T09:14:43.438236+00:00 ip-172-31-46-10 kernel: 	Rude variant of Tasks RCU enabled.
2026-04-03T09:14:43.438237+00:00 ip-172-31-46-10 kernel: 	Tracing variant of Tasks RCU enabled.
2026-04-03T09:14:43.438238+00:00 ip-172-31-46-10 kernel: rcu: RCU calculated value of scheduler-enlistment delay is 100 jiffies.
2026-04-03T09:14:43.438238+00:00 ip-172-31-46-10 kernel: rcu: Adjusting geometry for rcu_fanout_leaf=16, nr_cpu_ids=2
2026-04-03T09:14:43.438239+00:00 ip-172-31-46-10 kernel: RCU Tasks Rude: Setting shift to 1 and lim to 1 rcu_task_cb_adjust=1 rcu_task_cpu_ids=2.
2026-04-03T09:14:43.438239+00:00 ip-172-31-46-10 kernel: RCU Tasks Trace: Setting shift to 1 and lim to 1 rcu_task_cb_adjust=1 rcu_task_cpu_ids=2.
2026-04-03T09:14:43.438242+00:00 ip-172-31-46-10 kernel: NR_IRQS: 524544, nr_irqs: 440, preallocated irqs: 16
2026-04-03T09:14:43.438243+00:00 ip-172-31-46-10 kernel: rcu: srcu_init: Setting srcu_struct sizes based on contention.
2026-04-03T09:14:43.438244+00:00 ip-172-31-46-10 kernel: Console: colour dummy device 80x25
2026-04-03T09:14:43.438244+00:00 ip-172-31-46-10 kernel: printk: legacy console [tty1] enabled
2026-04-03T09:14:43.438245+00:00 ip-172-31-46-10 kernel: printk: legacy console [ttyS0] enabled
2026-04-03T09:14:43.438245+00:00 ip-172-31-46-10 kernel: ACPI: Core revision 20250404
2026-04-03T09:14:43.438248+00:00 ip-172-31-46-10 kernel: clocksource: hpet: mask: 0xffffffff max_cycles: 0xffffffff, max_idle_ns: 30580167144 ns
2026-04-03T09:14:43.438249+00:00 ip-172-31-46-10 kernel: APIC: Switch to symmetric I/O mode setup
2026-04-03T09:14:43.438249+00:00 ip-172-31-46-10 kernel: x2apic enabled
2026-04-03T09:14:43.438250+00:00 ip-172-31-46-10 kernel: APIC: Switched APIC routing to: physical x2apic
2026-04-03T09:14:43.438250+00:00 ip-172-31-46-10 kernel: clocksource: tsc-early: mask: 0xffffffffffffffff max_cycles: 0x240933eba6e, max_idle_ns: 440795246008 ns
2026-04-03T09:14:43.438251+00:00 ip-172-31-46-10 kernel: Calibrating delay loop (skipped) preset value.. 4999.98 BogoMIPS (lpj=2499994)
2026-04-03T09:14:43.438252+00:00 ip-172-31-46-10 kernel: Last level iTLB entries: 4KB 64, 2MB 8, 4MB 8
2026-04-03T09:14:43.438255+00:00 ip-172-31-46-10 kernel: Last level dTLB entries: 4KB 64, 2MB 32, 4MB 32, 1GB 4
2026-04-03T09:14:43.438256+00:00 ip-172-31-46-10 kernel: mitigations: Enabled attack vectors: user_kernel, user_user, guest_host, guest_guest, SMT mitigations: auto
2026-04-03T09:14:43.438256+00:00 ip-172-31-46-10 kernel: Speculative Store Bypass: Vulnerable
2026-04-03T09:14:43.438257+00:00 ip-172-31-46-10 kernel: Spectre V2 : Mitigation: Retpolines
2026-04-03T09:14:43.438257+00:00 ip-172-31-46-10 kernel: RETBleed: Vulnerable
2026-04-03T09:14:43.438258+00:00 ip-172-31-46-10 kernel: ITS: Mitigation: Aligned branch/return thunks
2026-04-03T09:14:43.438261+00:00 ip-172-31-46-10 kernel: MDS: Vulnerable: Clear CPU buffers attempted, no microcode
2026-04-03T09:14:43.438261+00:00 ip-172-31-46-10 kernel: MMIO Stale Data: Vulnerable: Clear CPU buffers attempted, no microcode
2026-04-03T09:14:43.438262+00:00 ip-172-31-46-10 kernel: Spectre V1 : Mitigation: usercopy/swapgs barriers and __user pointer sanitization
2026-04-03T09:14:43.438263+00:00 ip-172-31-46-10 kernel: Spectre V2 : Spectre v2 / SpectreRSB: Filling RSB on context switch and VMEXIT
2026-04-03T09:14:43.438263+00:00 ip-172-31-46-10 kernel: GDS: Unknown: Dependent on hypervisor status
2026-04-03T09:14:43.438264+00:00 ip-172-31-46-10 kernel: active return thunk: its_return_thunk
2026-04-03T09:14:43.438267+00:00 ip-172-31-46-10 kernel: x86/fpu: Supporting XSAVE feature 0x001: 'x87 floating point registers'
2026-04-03T09:14:43.438268+00:00 ip-172-31-46-10 kernel: x86/fpu: Supporting XSAVE feature 0x002: 'SSE registers'
2026-04-03T09:14:43.438268+00:00 ip-172-31-46-10 kernel: x86/fpu: Supporting XSAVE feature 0x004: 'AVX registers'
2026-04-03T09:14:43.438269+00:00 ip-172-31-46-10 kernel: x86/fpu: Supporting XSAVE feature 0x008: 'MPX bounds registers'
2026-04-03T09:14:43.438269+00:00 ip-172-31-46-10 kernel: x86/fpu: Supporting XSAVE feature 0x010: 'MPX CSR'
2026-04-03T09:14:43.438270+00:00 ip-172-31-46-10 kernel: x86/fpu: Supporting XSAVE feature 0x020: 'AVX-512 opmask'
2026-04-03T09:14:43.438271+00:00 ip-172-31-46-10 kernel: x86/fpu: Supporting XSAVE feature 0x040: 'AVX-512 Hi256'
2026-04-03T09:14:43.438274+00:00 ip-172-31-46-10 kernel: x86/fpu: Supporting XSAVE feature 0x080: 'AVX-512 ZMM_Hi256'
2026-04-03T09:14:43.438274+00:00 ip-172-31-46-10 kernel: x86/fpu: Supporting XSAVE feature 0x200: 'Protection Keys User registers'
2026-04-03T09:14:43.438275+00:00 ip-172-31-46-10 kernel: x86/fpu: xstate_offset[2]:  576, xstate_sizes[2]:  256
2026-04-03T09:14:43.438275+00:00 ip-172-31-46-10 kernel: x86/fpu: xstate_offset[3]:  832, xstate_sizes[3]:   64
2026-04-03T09:14:43.438276+00:00 ip-172-31-46-10 kernel: x86/fpu: xstate_offset[4]:  896, xstate_sizes[4]:   64
2026-04-03T09:14:43.438276+00:00 ip-172-31-46-10 kernel: x86/fpu: xstate_offset[5]:  960, xstate_sizes[5]:   64
2026-04-03T09:14:43.438280+00:00 ip-172-31-46-10 kernel: x86/fpu: xstate_offset[6]: 1024, xstate_sizes[6]:  512
2026-04-03T09:14:43.438281+00:00 ip-172-31-46-10 kernel: x86/fpu: xstate_offset[7]: 1536, xstate_sizes[7]: 1024
2026-04-03T09:14:43.438282+00:00 ip-172-31-46-10 kernel: x86/fpu: xstate_offset[9]: 2560, xstate_sizes[9]:    8
2026-04-03T09:14:43.438282+00:00 ip-172-31-46-10 kernel: x86/fpu: Enabled xstate features 0x2ff, context size is 2568 bytes, using 'compacted' format.
2026-04-03T09:14:43.438283+00:00 ip-172-31-46-10 kernel: Freeing SMP alternatives memory: 52K
2026-04-03T09:14:43.438283+00:00 ip-172-31-46-10 kernel: pid_max: default: 32768 minimum: 301
2026-04-03T09:14:43.438287+00:00 ip-172-31-46-10 kernel: LSM: initializing lsm=lockdown,capability,landlock,yama,apparmor,ima,evm
2026-04-03T09:14:43.438287+00:00 ip-172-31-46-10 kernel: landlock: Up and running.
2026-04-03T09:14:43.438288+00:00 ip-172-31-46-10 kernel: Yama: becoming mindful.
2026-04-03T09:14:43.438288+00:00 ip-172-31-46-10 kernel: AppArmor: AppArmor initialized
2026-04-03T09:14:43.438289+00:00 ip-172-31-46-10 kernel: Mount-cache hash table entries: 2048 (order: 2, 16384 bytes, linear)
2026-04-03T09:14:43.438290+00:00 ip-172-31-46-10 kernel: Mountpoint-cache hash table entries: 2048 (order: 2, 16384 bytes, linear)
2026-04-03T09:14:43.438290+00:00 ip-172-31-46-10 kernel: smpboot: CPU0: Intel(R) Xeon(R) Platinum 8259CL CPU @ 2.50GHz (family: 0x6, model: 0x55, stepping: 0x7)
2026-04-03T09:14:43.438293+00:00 ip-172-31-46-10 kernel: Performance Events: unsupported CPU family 6 model 85 no PMU driver, software events only.
2026-04-03T09:14:43.438294+00:00 ip-172-31-46-10 kernel: signal: max sigframe size: 3632
2026-04-03T09:14:43.438295+00:00 ip-172-31-46-10 kernel: rcu: Hierarchical SRCU implementation.
2026-04-03T09:14:43.438295+00:00 ip-172-31-46-10 kernel: rcu: 	Max phase no-delay instances is 400.
2026-04-03T09:14:43.438296+00:00 ip-172-31-46-10 kernel: Timer migration: 1 hierarchy levels; 8 children per group; 1 crossnode level
2026-04-03T09:14:43.438296+00:00 ip-172-31-46-10 kernel: NMI watchdog: Perf NMI watchdog permanently disabled
2026-04-03T09:14:43.438299+00:00 ip-172-31-46-10 kernel: smp: Bringing up secondary CPUs ...
2026-04-03T09:14:43.438300+00:00 ip-172-31-46-10 kernel: smpboot: x86: Booting SMP configuration:
2026-04-03T09:14:43.438301+00:00 ip-172-31-46-10 kernel: .... node  #0, CPUs:      #1
2026-04-03T09:14:43.438301+00:00 ip-172-31-46-10 kernel: MDS CPU bug present and SMT on, data leak possible. See https://www.kernel.org/doc/html/latest/admin-guide/hw-vuln/mds.html for more details.
2026-04-03T09:14:43.438302+00:00 ip-172-31-46-10 kernel: MMIO Stale Data CPU bug present and SMT on, data leak possible. See https://www.kernel.org/doc/html/latest/admin-guide/hw-vuln/processor_mmio_stale_data.html for more details.
2026-04-03T09:14:43.438302+00:00 ip-172-31-46-10 kernel: smp: Brought up 1 node, 2 CPUs
2026-04-03T09:14:43.438305+00:00 ip-172-31-46-10 kernel: smpboot: Total of 2 processors activated (9999.97 BogoMIPS)
2026-04-03T09:14:43.438306+00:00 ip-172-31-46-10 kernel: Memory: 902836K/999468K available (22049K kernel code, 4642K rwdata, 15488K rodata, 5384K init, 6152K bss, 89536K reserved, 0K cma-reserved)
2026-04-03T09:14:43.438307+00:00 ip-172-31-46-10 kernel: devtmpfs: initialized
2026-04-03T09:14:43.438307+00:00 ip-172-31-46-10 kernel: x86/mm: Memory block size: 128MB
2026-04-03T09:14:43.438308+00:00 ip-172-31-46-10 kernel: ACPI: PM: Registering ACPI NVS region [mem 0x3935e000-0x393ddfff] (524288 bytes)
2026-04-03T09:14:43.438308+00:00 ip-172-31-46-10 kernel: clocksource: jiffies: mask: 0xffffffff max_cycles: 0xffffffff, max_idle_ns: 1911260446275000 ns
2026-04-03T09:14:43.438315+00:00 ip-172-31-46-10 kernel: posixtimers hash table entries: 1024 (order: 2, 16384 bytes, linear)
2026-04-03T09:14:43.438316+00:00 ip-172-31-46-10 kernel: futex hash table entries: 512 (32768 bytes on 1 NUMA nodes, total 32 KiB, linear).
2026-04-03T09:14:43.438317+00:00 ip-172-31-46-10 kernel: pinctrl core: initialized pinctrl subsystem
2026-04-03T09:14:43.438317+00:00 ip-172-31-46-10 kernel: PM: RTC time: 09:14:31, date: 2026-04-03
2026-04-03T09:14:43.438318+00:00 ip-172-31-46-10 kernel: NET: Registered PF_NETLINK/PF_ROUTE protocol family
2026-04-03T09:14:43.438319+00:00 ip-172-31-46-10 kernel: DMA: preallocated 128 KiB GFP_KERNEL pool for atomic allocations
2026-04-03T09:14:43.438324+00:00 ip-172-31-46-10 kernel: DMA: preallocated 128 KiB GFP_KERNEL|GFP_DMA pool for atomic allocations
2026-04-03T09:14:43.438324+00:00 ip-172-31-46-10 kernel: DMA: preallocated 128 KiB GFP_KERNEL|GFP_DMA32 pool for atomic allocations
2026-04-03T09:14:43.438325+00:00 ip-172-31-46-10 kernel: audit: initializing netlink subsys (disabled)
2026-04-03T09:14:43.438417+00:00 ip-172-31-46-10 kernel: audit: type=2000 audit(1775207672.391:1): state=initialized audit_enabled=0 res=1
2026-04-03T09:14:43.438418+00:00 ip-172-31-46-10 kernel: thermal_sys: Registered thermal governor 'fair_share'
2026-04-03T09:14:43.438418+00:00 ip-172-31-46-10 kernel: thermal_sys: Registered thermal governor 'bang_bang'
2026-04-03T09:14:43.438419+00:00 ip-172-31-46-10 kernel: thermal_sys: Registered thermal governor 'step_wise'
2026-04-03T09:14:43.438425+00:00 ip-172-31-46-10 kernel: thermal_sys: Registered thermal governor 'user_space'
2026-04-03T09:14:43.438426+00:00 ip-172-31-46-10 kernel: thermal_sys: Registered thermal governor 'power_allocator'
2026-04-03T09:14:43.438426+00:00 ip-172-31-46-10 kernel: cpuidle: using governor ladder
2026-04-03T09:14:43.438427+00:00 ip-172-31-46-10 kernel: cpuidle: using governor menu
2026-04-03T09:14:43.438428+00:00 ip-172-31-46-10 kernel: acpiphp: ACPI Hot Plug PCI Controller Driver version: 0.5
2026-04-03T09:14:43.438428+00:00 ip-172-31-46-10 kernel: PCI: Using configuration type 1 for base access
2026-04-03T09:14:43.438433+00:00 ip-172-31-46-10 kernel: kprobes: kprobe jump-optimization is enabled. All kprobes are optimized if possible.
2026-04-03T09:14:43.438434+00:00 ip-172-31-46-10 kernel: HugeTLB: registered 1.00 GiB page size, pre-allocated 0 pages
2026-04-03T09:14:43.438435+00:00 ip-172-31-46-10 kernel: HugeTLB: 16380 KiB vmemmap can be freed for a 1.00 GiB page
2026-04-03T09:14:43.438436+00:00 ip-172-31-46-10 kernel: HugeTLB: registered 2.00 MiB page size, pre-allocated 0 pages
2026-04-03T09:14:43.438436+00:00 ip-172-31-46-10 kernel: HugeTLB: 28 KiB vmemmap can be freed for a 2.00 MiB page
2026-04-03T09:14:43.438437+00:00 ip-172-31-46-10 kernel: fbcon: Taking over console
2026-04-03T09:14:43.438438+00:00 ip-172-31-46-10 kernel: ACPI: Added _OSI(Module Device)
2026-04-03T09:14:43.438443+00:00 ip-172-31-46-10 kernel: ACPI: Added _OSI(Processor Device)
2026-04-03T09:14:43.438444+00:00 ip-172-31-46-10 kernel: ACPI: Added _OSI(Processor Aggregator Device)
2026-04-03T09:14:43.438444+00:00 ip-172-31-46-10 kernel: ACPI: 3 ACPI AML tables successfully acquired and loaded
2026-04-03T09:14:43.438445+00:00 ip-172-31-46-10 kernel: ACPI: Interpreter enabled
2026-04-03T09:14:43.438446+00:00 ip-172-31-46-10 kernel: ACPI: PM: (supports S0 S4 S5)
2026-04-03T09:14:43.438446+00:00 ip-172-31-46-10 kernel: ACPI: Using IOAPIC for interrupt routing
2026-04-03T09:14:43.438462+00:00 ip-172-31-46-10 kernel: PCI: Using host bridge windows from ACPI; if necessary, use "pci=nocrs" and report a bug
2026-04-03T09:14:43.438463+00:00 ip-172-31-46-10 kernel: PCI: Using E820 reservations for host bridge windows
2026-04-03T09:14:43.438464+00:00 ip-172-31-46-10 kernel: ACPI: Enabled 2 GPEs in block 00 to 0F
2026-04-03T09:14:43.438464+00:00 ip-172-31-46-10 kernel: ACPI: PCI Root Bridge [PCI0] (domain 0000 [bus 00-ff])
2026-04-03T09:14:43.438465+00:00 ip-172-31-46-10 kernel: acpi PNP0A03:00: _OSC: OS supports [ASPM ClockPM Segments MSI EDR HPX-Type3]
2026-04-03T09:14:43.438466+00:00 ip-172-31-46-10 kernel: acpi PNP0A03:00: _OSC: not requesting OS control; OS requires [ExtendedConfig ASPM ClockPM MSI]
2026-04-03T09:14:43.438471+00:00 ip-172-31-46-10 kernel: acpi PNP0A03:00: fail to add MMCONFIG information, can't access extended configuration space under this bridge
2026-04-03T09:14:43.438471+00:00 ip-172-31-46-10 kernel: acpiphp: Slot [3] registered
2026-04-03T09:14:43.438472+00:00 ip-172-31-46-10 kernel: acpiphp: Slot [4] registered
2026-04-03T09:14:43.438472+00:00 ip-172-31-46-10 kernel: acpiphp: Slot [5] registered
2026-04-03T09:14:43.438473+00:00 ip-172-31-46-10 kernel: acpiphp: Slot [6] registered
2026-04-03T09:14:43.438474+00:00 ip-172-31-46-10 kernel: acpiphp: Slot [7] registered
2026-04-03T09:14:43.438474+00:00 ip-172-31-46-10 kernel: acpiphp: Slot [8] registered
2026-04-03T09:14:43.438479+00:00 ip-172-31-46-10 kernel: acpiphp: Slot [9] registered
2026-04-03T09:14:43.438480+00:00 ip-172-31-46-10 kernel: acpiphp: Slot [10] registered
2026-04-03T09:14:43.438480+00:00 ip-172-31-46-10 kernel: acpiphp: Slot [11] registered
2026-04-03T09:14:43.438481+00:00 ip-172-31-46-10 kernel: acpiphp: Slot [12] registered
2026-04-03T09:14:43.438482+00:00 ip-172-31-46-10 kernel: acpiphp: Slot [13] registered
2026-04-03T09:14:43.438482+00:00 ip-172-31-46-10 kernel: acpiphp: Slot [14] registered
2026-04-03T09:14:43.438487+00:00 ip-172-31-46-10 kernel: acpiphp: Slot [15] registered
2026-04-03T09:14:43.438488+00:00 ip-172-31-46-10 kernel: acpiphp: Slot [16] registered
2026-04-03T09:14:43.438488+00:00 ip-172-31-46-10 kernel: acpiphp: Slot [17] registered
2026-04-03T09:14:43.438489+00:00 ip-172-31-46-10 kernel: acpiphp: Slot [18] registered
2026-04-03T09:14:43.438489+00:00 ip-172-31-46-10 kernel: acpiphp: Slot [19] registered
2026-04-03T09:14:43.438490+00:00 ip-172-31-46-10 kernel: acpiphp: Slot [20] registered
2026-04-03T09:14:43.438494+00:00 ip-172-31-46-10 kernel: acpiphp: Slot [21] registered
2026-04-03T09:14:43.438495+00:00 ip-172-31-46-10 kernel: acpiphp: Slot [22] registered
2026-04-03T09:14:43.438496+00:00 ip-172-31-46-10 kernel: acpiphp: Slot [23] registered
2026-04-03T09:14:43.438496+00:00 ip-172-31-46-10 kernel: acpiphp: Slot [24] registered
2026-04-03T09:14:43.438497+00:00 ip-172-31-46-10 kernel: acpiphp: Slot [25] registered
2026-04-03T09:14:43.438497+00:00 ip-172-31-46-10 kernel: acpiphp: Slot [26] registered
2026-04-03T09:14:43.438498+00:00 ip-172-31-46-10 kernel: acpiphp: Slot [27] registered
2026-04-03T09:14:43.438502+00:00 ip-172-31-46-10 kernel: acpiphp: Slot [28] registered
2026-04-03T09:14:43.438503+00:00 ip-172-31-46-10 kernel: acpiphp: Slot [29] registered
2026-04-03T09:14:43.438504+00:00 ip-172-31-46-10 kernel: acpiphp: Slot [30] registered
2026-04-03T09:14:43.438504+00:00 ip-172-31-46-10 kernel: acpiphp: Slot [31] registered
2026-04-03T09:14:43.438505+00:00 ip-172-31-46-10 kernel: PCI host bridge to bus 0000:00
2026-04-03T09:14:43.438505+00:00 ip-172-31-46-10 kernel: pci_bus 0000:00: root bus resource [io  0x0000-0x0cf7 window]
2026-04-03T09:14:43.438509+00:00 ip-172-31-46-10 kernel: pci_bus 0000:00: root bus resource [io  0x0d00-0xffff window]
2026-04-03T09:14:43.438510+00:00 ip-172-31-46-10 kernel: pci_bus 0000:00: root bus resource [mem 0x000a0000-0x000bffff window]
2026-04-03T09:14:43.438511+00:00 ip-172-31-46-10 kernel: pci_bus 0000:00: root bus resource [mem 0x80000000-0xfebfffff window]
2026-04-03T09:14:43.438512+00:00 ip-172-31-46-10 kernel: pci_bus 0000:00: root bus resource [mem 0x100000000-0x2000ffffffff window]
2026-04-03T09:14:43.438512+00:00 ip-172-31-46-10 kernel: pci_bus 0000:00: root bus resource [bus 00-ff]
2026-04-03T09:14:43.438513+00:00 ip-172-31-46-10 kernel: pci 0000:00:00.0: [8086:1237] type 00 class 0x060000 conventional PCI endpoint
2026-04-03T09:14:43.438514+00:00 ip-172-31-46-10 kernel: pci 0000:00:01.0: [8086:7000] type 00 class 0x060100 conventional PCI endpoint
2026-04-03T09:14:43.438518+00:00 ip-172-31-46-10 kernel: pci 0000:00:01.3: [8086:7113] type 00 class 0x000000 conventional PCI endpoint
2026-04-03T09:14:43.438519+00:00 ip-172-31-46-10 kernel: pci 0000:00:01.3: quirk: [io  0xb000-0xb03f] claimed by PIIX4 ACPI
2026-04-03T09:14:43.438520+00:00 ip-172-31-46-10 kernel: pci 0000:00:01.3: PIIX4 devres E PIO at fff0-ffff
2026-04-03T09:14:43.438520+00:00 ip-172-31-46-10 kernel: pci 0000:00:01.3: PIIX4 devres F MMIO at ffc00000-ffffffff
2026-04-03T09:14:43.438521+00:00 ip-172-31-46-10 kernel: pci 0000:00:01.3: PIIX4 devres G PIO at fff0-ffff
2026-04-03T09:14:43.438521+00:00 ip-172-31-46-10 kernel: pci 0000:00:01.3: PIIX4 devres H MMIO at ffc00000-ffffffff
2026-04-03T09:14:43.438526+00:00 ip-172-31-46-10 kernel: pci 0000:00:01.3: PIIX4 devres I PIO at fff0-ffff
2026-04-03T09:14:43.438526+00:00 ip-172-31-46-10 kernel: pci 0000:00:01.3: PIIX4 devres J PIO at fff0-ffff
2026-04-03T09:14:43.438527+00:00 ip-172-31-46-10 kernel: pci 0000:00:03.0: [1d0f:1111] type 00 class 0x030000 conventional PCI endpoint
2026-04-03T09:14:43.438528+00:00 ip-172-31-46-10 kernel: pci 0000:00:03.0: BAR 0 [mem 0x80000000-0x803fffff pref]
2026-04-03T09:14:43.438528+00:00 ip-172-31-46-10 kernel: pci 0000:00:03.0: ROM [mem 0xffff0000-0xffffffff pref]
2026-04-03T09:14:43.438528+00:00 ip-172-31-46-10 kernel: pci 0000:00:03.0: Video device with shadowed ROM at [mem 0x000c0000-0x000dffff]
2026-04-03T09:14:43.438533+00:00 ip-172-31-46-10 kernel: pci 0000:00:04.0: [1d0f:8061] type 00 class 0x010802 PCIe Endpoint
2026-04-03T09:14:43.438534+00:00 ip-172-31-46-10 kernel: pci 0000:00:04.0: BAR 0 [mem 0x80408000-0x8040bfff]
2026-04-03T09:14:43.438535+00:00 ip-172-31-46-10 kernel: pci 0000:00:05.0: [1d0f:ec20] type 00 class 0x020000 PCIe Endpoint
2026-04-03T09:14:43.438536+00:00 ip-172-31-46-10 kernel: pci 0000:00:05.0: BAR 0 [mem 0x80404000-0x80407fff]
2026-04-03T09:14:43.438536+00:00 ip-172-31-46-10 kernel: pci 0000:00:1f.0: [1d0f:8061] type 00 class 0x010802 PCIe Endpoint
2026-04-03T09:14:43.438537+00:00 ip-172-31-46-10 kernel: pci 0000:00:1f.0: BAR 0 [mem 0x80400000-0x80403fff]
2026-04-03T09:14:43.438538+00:00 ip-172-31-46-10 kernel: ACPI: PCI: Interrupt link LNKA configured for IRQ 10
2026-04-03T09:14:43.438543+00:00 ip-172-31-46-10 kernel: ACPI: PCI: Interrupt link LNKB configured for IRQ 10
2026-04-03T09:14:43.438544+00:00 ip-172-31-46-10 kernel: ACPI: PCI: Interrupt link LNKC configured for IRQ 11
2026-04-03T09:14:43.438545+00:00 ip-172-31-46-10 kernel: ACPI: PCI: Interrupt link LNKD configured for IRQ 11
2026-04-03T09:14:43.438545+00:00 ip-172-31-46-10 kernel: ACPI: PCI: Interrupt link LNKS configured for IRQ 9
2026-04-03T09:14:43.438546+00:00 ip-172-31-46-10 kernel: iommu: Default domain type: Translated
2026-04-03T09:14:43.438546+00:00 ip-172-31-46-10 kernel: iommu: DMA domain TLB invalidation policy: lazy mode
2026-04-03T09:14:43.438552+00:00 ip-172-31-46-10 kernel: SCSI subsystem initialized
2026-04-03T09:14:43.438553+00:00 ip-172-31-46-10 kernel: libata version 3.00 loaded.
2026-04-03T09:14:43.438553+00:00 ip-172-31-46-10 kernel: ACPI: bus type USB registered
2026-04-03T09:14:43.438554+00:00 ip-172-31-46-10 kernel: usbcore: registered new interface driver usbfs
2026-04-03T09:14:43.438554+00:00 ip-172-31-46-10 kernel: usbcore: registered new interface driver hub
2026-04-03T09:14:43.438555+00:00 ip-172-31-46-10 kernel: usbcore: registered new device driver usb
2026-04-03T09:14:43.438563+00:00 ip-172-31-46-10 kernel: pps_core: LinuxPPS API ver. 1 registered
2026-04-03T09:14:43.438568+00:00 ip-172-31-46-10 kernel: pps_core: Software ver. 5.3.6 - Copyright 2005-2007 Rodolfo Giometti <giometti@linux.it>
2026-04-03T09:14:43.438569+00:00 ip-172-31-46-10 kernel: PTP clock support registered
2026-04-03T09:14:43.438569+00:00 ip-172-31-46-10 kernel: EDAC MC: Ver: 3.0.0
2026-04-03T09:14:43.438570+00:00 ip-172-31-46-10 kernel: efivars: Registered efivars operations
2026-04-03T09:14:43.438570+00:00 ip-172-31-46-10 kernel: NetLabel: Initializing
2026-04-03T09:14:43.438571+00:00 ip-172-31-46-10 kernel: NetLabel:  domain hash size = 128
2026-04-03T09:14:43.438576+00:00 ip-172-31-46-10 kernel: NetLabel:  protocols = UNLABELED CIPSOv4 CALIPSO
2026-04-03T09:14:43.438576+00:00 ip-172-31-46-10 kernel: NetLabel:  unlabeled traffic allowed by default
2026-04-03T09:14:43.438577+00:00 ip-172-31-46-10 kernel: mctp: management component transport protocol core
2026-04-03T09:14:43.438577+00:00 ip-172-31-46-10 kernel: NET: Registered PF_MCTP protocol family
2026-04-03T09:14:43.438578+00:00 ip-172-31-46-10 kernel: PCI: Using ACPI for IRQ routing
2026-04-03T09:14:43.438578+00:00 ip-172-31-46-10 kernel: PCI: pci_cache_line_size set to 64 bytes
2026-04-03T09:14:43.438583+00:00 ip-172-31-46-10 kernel: e820: reserve RAM buffer [mem 0x37337000-0x37ffffff]
2026-04-03T09:14:43.438584+00:00 ip-172-31-46-10 kernel: e820: reserve RAM buffer [mem 0x390ce000-0x3bffffff]
2026-04-03T09:14:43.438585+00:00 ip-172-31-46-10 kernel: e820: reserve RAM buffer [mem 0x3d37c000-0x3fffffff]
2026-04-03T09:14:43.438585+00:00 ip-172-31-46-10 kernel: pci 0000:00:03.0: vgaarb: setting as boot VGA device
2026-04-03T09:14:43.438586+00:00 ip-172-31-46-10 kernel: pci 0000:00:03.0: vgaarb: bridge control possible
2026-04-03T09:14:43.438586+00:00 ip-172-31-46-10 kernel: pci 0000:00:03.0: vgaarb: VGA device added: decodes=io+mem,owns=io+mem,locks=none
2026-04-03T09:14:43.438587+00:00 ip-172-31-46-10 kernel: vgaarb: loaded
2026-04-03T09:14:43.438592+00:00 ip-172-31-46-10 kernel: hpet0: at MMIO 0xfed00000, IRQs 2, 8, 0, 0, 0, 0, 0, 0
2026-04-03T09:14:43.438593+00:00 ip-172-31-46-10 kernel: hpet0: 8 comparators, 32-bit 62.500000 MHz counter
2026-04-03T09:14:43.438594+00:00 ip-172-31-46-10 kernel: clocksource: Switched to clocksource kvm-clock
2026-04-03T09:14:43.438594+00:00 ip-172-31-46-10 kernel: VFS: Disk quotas dquot_6.6.0
2026-04-03T09:14:43.438676+00:00 ip-172-31-46-10 kernel: VFS: Dquot-cache hash table entries: 512 (order 0, 4096 bytes)
2026-04-03T09:14:43.438677+00:00 ip-172-31-46-10 kernel: AppArmor: AppArmor Filesystem Enabled
2026-04-03T09:14:43.438683+00:00 ip-172-31-46-10 kernel: pnp: PnP ACPI init
2026-04-03T09:14:43.438684+00:00 ip-172-31-46-10 kernel: pnp: PnP ACPI: found 5 devices
2026-04-03T09:14:43.438685+00:00 ip-172-31-46-10 kernel: clocksource: acpi_pm: mask: 0xffffff max_cycles: 0xffffff, max_idle_ns: 2085701024 ns
2026-04-03T09:14:43.438686+00:00 ip-172-31-46-10 kernel: NET: Registered PF_INET protocol family
2026-04-03T09:14:43.438686+00:00 ip-172-31-46-10 kernel: IP idents hash table entries: 16384 (order: 5, 131072 bytes, linear)
2026-04-03T09:14:43.438687+00:00 ip-172-31-46-10 kernel: tcp_listen_portaddr_hash hash table entries: 512 (order: 1, 8192 bytes, linear)
2026-04-03T09:14:43.438687+00:00 ip-172-31-46-10 kernel: Table-perturb hash table entries: 65536 (order: 6, 262144 bytes, linear)
2026-04-03T09:14:43.438693+00:00 ip-172-31-46-10 kernel: TCP established hash table entries: 8192 (order: 4, 65536 bytes, linear)
2026-04-03T09:14:43.438694+00:00 ip-172-31-46-10 kernel: TCP bind hash table entries: 8192 (order: 6, 262144 bytes, linear)
2026-04-03T09:14:43.438694+00:00 ip-172-31-46-10 kernel: TCP: Hash tables configured (established 8192 bind 8192)
2026-04-03T09:14:43.438695+00:00 ip-172-31-46-10 kernel: MPTCP token hash table entries: 1024 (order: 3, 24576 bytes, linear)
2026-04-03T09:14:43.438695+00:00 ip-172-31-46-10 kernel: UDP hash table entries: 512 (order: 3, 32768 bytes, linear)
2026-04-03T09:14:43.438696+00:00 ip-172-31-46-10 kernel: UDP-Lite hash table entries: 512 (order: 3, 32768 bytes, linear)
2026-04-03T09:14:43.438702+00:00 ip-172-31-46-10 kernel: NET: Registered PF_UNIX/PF_LOCAL protocol family
2026-04-03T09:14:43.438703+00:00 ip-172-31-46-10 kernel: NET: Registered PF_XDP protocol family
2026-04-03T09:14:43.438703+00:00 ip-172-31-46-10 kernel: pci_bus 0000:00: resource 4 [io  0x0000-0x0cf7 window]
2026-04-03T09:14:43.438704+00:00 ip-172-31-46-10 kernel: pci_bus 0000:00: resource 5 [io  0x0d00-0xffff window]
2026-04-03T09:14:43.438704+00:00 ip-172-31-46-10 kernel: pci_bus 0000:00: resource 6 [mem 0x000a0000-0x000bffff window]
2026-04-03T09:14:43.438705+00:00 ip-172-31-46-10 kernel: pci_bus 0000:00: resource 7 [mem 0x80000000-0xfebfffff window]
2026-04-03T09:14:43.438710+00:00 ip-172-31-46-10 kernel: pci_bus 0000:00: resource 8 [mem 0x100000000-0x2000ffffffff window]
2026-04-03T09:14:43.438711+00:00 ip-172-31-46-10 kernel: pci 0000:00:00.0: Limiting direct PCI/PCI transfers
2026-04-03T09:14:43.438712+00:00 ip-172-31-46-10 kernel: PCI: CLS 0 bytes, default 64
2026-04-03T09:14:43.438712+00:00 ip-172-31-46-10 kernel: clocksource: tsc: mask: 0xffffffffffffffff max_cycles: 0x240933eba6e, max_idle_ns: 440795246008 ns
2026-04-03T09:14:43.438713+00:00 ip-172-31-46-10 kernel: Trying to unpack rootfs image as initramfs...
2026-04-03T09:14:43.438713+00:00 ip-172-31-46-10 kernel: clocksource: Switched to clocksource tsc
2026-04-03T09:14:43.438714+00:00 ip-172-31-46-10 kernel: Freeing initrd memory: 14600K
2026-04-03T09:14:43.438719+00:00 ip-172-31-46-10 kernel: Initialise system trusted keyrings
2026-04-03T09:14:43.438720+00:00 ip-172-31-46-10 kernel: Key type blacklist registered
2026-04-03T09:14:43.438721+00:00 ip-172-31-46-10 kernel: workingset: timestamp_bits=36 max_order=18 bucket_order=0
2026-04-03T09:14:43.438721+00:00 ip-172-31-46-10 kernel: squashfs: version 4.0 (2009/01/31) Phillip Lougher
2026-04-03T09:14:43.438722+00:00 ip-172-31-46-10 kernel: fuse: init (API version 7.44)
2026-04-03T09:14:43.438723+00:00 ip-172-31-46-10 kernel: integrity: Platform Keyring initialized
2026-04-03T09:14:43.438728+00:00 ip-172-31-46-10 kernel: integrity: Machine keyring initialized
2026-04-03T09:14:43.438729+00:00 ip-172-31-46-10 kernel: Key type asymmetric registered
2026-04-03T09:14:43.438730+00:00 ip-172-31-46-10 kernel: Asymmetric key parser 'x509' registered
2026-04-03T09:14:43.438731+00:00 ip-172-31-46-10 kernel: Block layer SCSI generic (bsg) driver version 0.4 loaded (major 242)
2026-04-03T09:14:43.438731+00:00 ip-172-31-46-10 kernel: io scheduler mq-deadline registered
2026-04-03T09:14:43.438732+00:00 ip-172-31-46-10 kernel: ledtrig-cpu: registered to indicate activity on CPUs
2026-04-03T09:14:43.438732+00:00 ip-172-31-46-10 kernel: input: Power Button as /devices/LNXSYSTM:00/LNXPWRBN:00/input/input0
2026-04-03T09:14:43.438738+00:00 ip-172-31-46-10 kernel: ACPI: button: Power Button [PWRF]
2026-04-03T09:14:43.438739+00:00 ip-172-31-46-10 kernel: input: Sleep Button as /devices/LNXSYSTM:00/LNXSLPBN:00/input/input1
2026-04-03T09:14:43.438740+00:00 ip-172-31-46-10 kernel: ACPI: button: Sleep Button [SLPF]
2026-04-03T09:14:43.438741+00:00 ip-172-31-46-10 kernel: Serial: 8250/16550 driver, 4 ports, IRQ sharing enabled
2026-04-03T09:14:43.438741+00:00 ip-172-31-46-10 kernel: 00:04: ttyS0 at I/O 0x3f8 (irq = 4, base_baud = 115200) is a 16550A
2026-04-03T09:14:43.438742+00:00 ip-172-31-46-10 kernel: Linux agpgart interface v0.103
2026-04-03T09:14:43.438748+00:00 ip-172-31-46-10 kernel: loop: module loaded
2026-04-03T09:14:43.438748+00:00 ip-172-31-46-10 kernel: Key type psk registered
2026-04-03T09:14:43.438749+00:00 ip-172-31-46-10 kernel: ACPI: bus type drm_connector registered
2026-04-03T09:14:43.438749+00:00 ip-172-31-46-10 kernel: nvme nvme1: pci function 0000:00:1f.0
2026-04-03T09:14:43.438750+00:00 ip-172-31-46-10 kernel: tun: Universal TUN/TAP device driver, 1.6
2026-04-03T09:14:43.438751+00:00 ip-172-31-46-10 kernel: nvme nvme0: pci function 0000:00:04.0
2026-04-03T09:14:43.438757+00:00 ip-172-31-46-10 kernel: ACPI: \_SB_.LNKC: Enabled at IRQ 11
2026-04-03T09:14:43.438757+00:00 ip-172-31-46-10 kernel: PPP generic driver version 2.4.2
2026-04-03T09:14:43.438758+00:00 ip-172-31-46-10 kernel: ACPI: \_SB_.LNKD: Enabled at IRQ 10
2026-04-03T09:14:43.438759+00:00 ip-172-31-46-10 kernel: i8042: PNP: PS/2 Controller [PNP0303:KBD,PNP0f13:MOU] at 0x60,0x64 irq 1,12
2026-04-03T09:14:43.438760+00:00 ip-172-31-46-10 kernel: i8042: Warning: Keylock active
2026-04-03T09:14:43.438760+00:00 ip-172-31-46-10 kernel: serio: i8042 KBD port at 0x60,0x64 irq 1
2026-04-03T09:14:43.438761+00:00 ip-172-31-46-10 kernel: serio: i8042 AUX port at 0x60,0x64 irq 12
2026-04-03T09:14:43.438766+00:00 ip-172-31-46-10 kernel: mousedev: PS/2 mouse device common for all mice
2026-04-03T09:14:43.438766+00:00 ip-172-31-46-10 kernel: rtc_cmos 00:00: RTC can wake from S4
2026-04-03T09:14:43.438767+00:00 ip-172-31-46-10 kernel: rtc_cmos 00:00: registered as rtc0
2026-04-03T09:14:43.438767+00:00 ip-172-31-46-10 kernel: rtc_cmos 00:00: setting system clock to 2026-04-03T09:14:32 UTC (1775207672)
2026-04-03T09:14:43.438768+00:00 ip-172-31-46-10 kernel: nvme nvme0: 2/0/0 default/read/poll queues
2026-04-03T09:14:43.438769+00:00 ip-172-31-46-10 kernel: rtc_cmos 00:00: alarms up to one day, 114 bytes nvram
2026-04-03T09:14:43.438774+00:00 ip-172-31-46-10 kernel: nvme nvme1: 2/0/0 default/read/poll queues
2026-04-03T09:14:43.438774+00:00 ip-172-31-46-10 kernel: i2c_dev: i2c /dev entries driver
2026-04-03T09:14:43.438775+00:00 ip-172-31-46-10 kernel: device-mapper: core: CONFIG_IMA_DISABLE_HTABLE is disabled. Duplicate IMA measurements will not be recorded in the IMA log.
2026-04-03T09:14:43.438776+00:00 ip-172-31-46-10 kernel: device-mapper: uevent: version 1.0.3
2026-04-03T09:14:43.438776+00:00 ip-172-31-46-10 kernel: device-mapper: ioctl: 4.50.0-ioctl (2025-04-28) initialised: dm-devel@lists.linux.dev
2026-04-03T09:14:43.438777+00:00 ip-172-31-46-10 kernel: intel_pstate: CPU model not supported
2026-04-03T09:14:43.438783+00:00 ip-172-31-46-10 kernel:  nvme0n1: p1 p14 p15 p16
2026-04-03T09:14:43.438784+00:00 ip-172-31-46-10 kernel: simple-framebuffer simple-framebuffer.0: [drm] Registered 1 planes with drm panic
2026-04-03T09:14:43.438784+00:00 ip-172-31-46-10 kernel: [drm] Initialized simpledrm 1.0.0 for simple-framebuffer.0 on minor 0
2026-04-03T09:14:43.438785+00:00 ip-172-31-46-10 kernel: Console: switching to colour frame buffer device 100x37
2026-04-03T09:14:43.438786+00:00 ip-172-31-46-10 kernel: simple-framebuffer simple-framebuffer.0: [drm] fb0: simpledrmdrmfb frame buffer device
2026-04-03T09:14:43.438786+00:00 ip-172-31-46-10 kernel: drop_monitor: Initializing network drop monitor service
2026-04-03T09:14:43.438787+00:00 ip-172-31-46-10 kernel: NET: Registered PF_INET6 protocol family
2026-04-03T09:14:43.438793+00:00 ip-172-31-46-10 kernel: Segment Routing with IPv6
2026-04-03T09:14:43.438793+00:00 ip-172-31-46-10 kernel: In-situ OAM (IOAM) with IPv6
2026-04-03T09:14:43.438794+00:00 ip-172-31-46-10 kernel: NET: Registered PF_PACKET protocol family
2026-04-03T09:14:43.438794+00:00 ip-172-31-46-10 kernel: Key type dns_resolver registered
2026-04-03T09:14:43.438795+00:00 ip-172-31-46-10 kernel: resctrl: No MBM correction factor available
2026-04-03T09:14:43.438796+00:00 ip-172-31-46-10 kernel: IPI shorthand broadcast: enabled
2026-04-03T09:14:43.438801+00:00 ip-172-31-46-10 kernel: sched_clock: Marking stable (368003634, 139491553)->(621396509, -113901322)
2026-04-03T09:14:43.438802+00:00 ip-172-31-46-10 kernel: registered taskstats version 1
2026-04-03T09:14:43.438802+00:00 ip-172-31-46-10 kernel: Loading compiled-in X.509 certificates
2026-04-03T09:14:43.438803+00:00 ip-172-31-46-10 kernel: Loaded X.509 cert 'Build time autogenerated kernel key: fc56f7f88602865e44ae63fe955f44ca03e45b23'
2026-04-03T09:14:43.438804+00:00 ip-172-31-46-10 kernel: Loaded X.509 cert 'Canonical Ltd. Live Patch Signing 2025 Kmod: d541cef61dc7e793b7eb7e899970a2eef0b5dc8c'
2026-04-03T09:14:43.438805+00:00 ip-172-31-46-10 kernel: Loaded X.509 cert 'Canonical Ltd. Live Patch Signing: 14df34d1a87cf37625abec039ef2bf521249b969'
2026-04-03T09:14:43.438810+00:00 ip-172-31-46-10 kernel: Loaded X.509 cert 'Canonical Ltd. Kernel Module Signing: 88f752e560a1e0737e31163a466ad7b70a850c19'
2026-04-03T09:14:43.438811+00:00 ip-172-31-46-10 kernel: blacklist: Loading compiled-in revocation X.509 certificates
2026-04-03T09:14:43.438811+00:00 ip-172-31-46-10 kernel: Loaded X.509 cert 'Canonical Ltd. Secure Boot Signing: 61482aa2830d0ab2ad5af10b7250da9033ddcef0'
2026-04-03T09:14:43.438812+00:00 ip-172-31-46-10 kernel: Loaded X.509 cert 'Canonical Ltd. Secure Boot Signing (2017): 242ade75ac4a15e50d50c84b0d45ff3eae707a03'
2026-04-03T09:14:43.438812+00:00 ip-172-31-46-10 kernel: Loaded X.509 cert 'Canonical Ltd. Secure Boot Signing (ESM 2018): 365188c1d374d6b07c3c8f240f8ef722433d6a8b'
2026-04-03T09:14:43.438813+00:00 ip-172-31-46-10 kernel: Loaded X.509 cert 'Canonical Ltd. Secure Boot Signing (2019): c0746fd6c5da3ae827864651ad66ae47fe24b3e8'
2026-04-03T09:14:43.438818+00:00 ip-172-31-46-10 kernel: Loaded X.509 cert 'Canonical Ltd. Secure Boot Signing (2021 v1): a8d54bbb3825cfb94fa13c9f8a594a195c107b8d'
2026-04-03T09:14:43.438819+00:00 ip-172-31-46-10 kernel: Loaded X.509 cert 'Canonical Ltd. Secure Boot Signing (2021 v2): 4cf046892d6fd3c9a5b03f98d845f90851dc6a8c'
2026-04-03T09:14:43.438819+00:00 ip-172-31-46-10 kernel: Loaded X.509 cert 'Canonical Ltd. Secure Boot Signing (2021 v3): 100437bb6de6e469b581e61cd66bce3ef4ed53af'
2026-04-03T09:14:43.438820+00:00 ip-172-31-46-10 kernel: Loaded X.509 cert 'Canonical Ltd. Secure Boot Signing (Ubuntu Core 2019): c1d57b8f6b743f23ee41f4f7ee292f06eecadfb9'
2026-04-03T09:14:43.438820+00:00 ip-172-31-46-10 kernel: Demotion targets for Node 0: null
2026-04-03T09:14:43.438821+00:00 ip-172-31-46-10 kernel: Key type .fscrypt registered
2026-04-03T09:14:43.438825+00:00 ip-172-31-46-10 kernel: Key type fscrypt-provisioning registered
2026-04-03T09:14:43.438826+00:00 ip-172-31-46-10 kernel: Key type big_key registered
2026-04-03T09:14:43.438827+00:00 ip-172-31-46-10 kernel: Key type encrypted registered
2026-04-03T09:14:43.438827+00:00 ip-172-31-46-10 kernel: AppArmor: AppArmor sha256 policy hashing enabled
2026-04-03T09:14:43.438828+00:00 ip-172-31-46-10 kernel: ima: No TPM chip found, activating TPM-bypass!
2026-04-03T09:14:43.438829+00:00 ip-172-31-46-10 kernel: Loading compiled-in module X.509 certificates
2026-04-03T09:14:43.438834+00:00 ip-172-31-46-10 kernel: Loaded X.509 cert 'Build time autogenerated kernel key: fc56f7f88602865e44ae63fe955f44ca03e45b23'
2026-04-03T09:14:43.438900+00:00 ip-172-31-46-10 kernel: ima: Allocated hash algorithm: sha256
2026-04-03T09:14:43.438901+00:00 ip-172-31-46-10 kernel: ima: No architecture policies found
2026-04-03T09:14:43.438901+00:00 ip-172-31-46-10 kernel: evm: Initialising EVM extended attributes:
2026-04-03T09:14:43.438902+00:00 ip-172-31-46-10 kernel: evm: security.selinux
2026-04-03T09:14:43.438902+00:00 ip-172-31-46-10 kernel: evm: security.SMACK64
2026-04-03T09:14:43.438903+00:00 ip-172-31-46-10 kernel: evm: security.SMACK64EXEC
2026-04-03T09:14:43.438908+00:00 ip-172-31-46-10 kernel: evm: security.SMACK64TRANSMUTE
2026-04-03T09:14:43.438908+00:00 ip-172-31-46-10 kernel: evm: security.SMACK64MMAP
2026-04-03T09:14:43.438909+00:00 ip-172-31-46-10 kernel: evm: security.apparmor
2026-04-03T09:14:43.442685+00:00 ip-172-31-46-10 kernel: evm: security.ima
2026-04-03T09:14:43.442688+00:00 ip-172-31-46-10 kernel: evm: security.capability
2026-04-03T09:14:43.442689+00:00 ip-172-31-46-10 kernel: evm: HMAC attrs: 0x1
2026-04-03T09:14:43.442689+00:00 ip-172-31-46-10 kernel: PM:   Magic number: 6:333:221
2026-04-03T09:14:43.442690+00:00 ip-172-31-46-10 kernel: RAS: Correctable Errors collector initialized.
2026-04-03T09:14:43.442691+00:00 ip-172-31-46-10 kernel: clk: Disabling unused clocks
2026-04-03T09:14:43.442691+00:00 ip-172-31-46-10 kernel: PM: genpd: Disabling unused power domains
2026-04-03T09:14:43.442692+00:00 ip-172-31-46-10 kernel: check access for rdinit=/init failed: -2, ignoring
2026-04-03T09:14:43.442693+00:00 ip-172-31-46-10 kernel: input: AT Translated Set 2 keyboard as /devices/platform/i8042/serio0/input/input2
2026-04-03T09:14:43.442694+00:00 ip-172-31-46-10 kernel: md: Waiting for all devices to be available before autodetect
2026-04-03T09:14:43.442694+00:00 ip-172-31-46-10 kernel: md: If you don't use raid, use raid=noautodetect
2026-04-03T09:14:43.442695+00:00 ip-172-31-46-10 kernel: md: Autodetecting RAID arrays.
2026-04-03T09:14:43.442696+00:00 ip-172-31-46-10 kernel: md: autorun ...
2026-04-03T09:14:43.442696+00:00 ip-172-31-46-10 kernel: md: ... autorun DONE.
2026-04-03T09:14:43.442697+00:00 ip-172-31-46-10 kernel: EXT4-fs (nvme0n1p1): mounted filesystem 3ffdf8cf-d279-4ccd-a2ce-f8b316efa51c ro with ordered data mode. Quota mode: none.
2026-04-03T09:14:43.442698+00:00 ip-172-31-46-10 kernel: VFS: Mounted root (ext4 filesystem) readonly on device 259:2.
2026-04-03T09:14:43.442699+00:00 ip-172-31-46-10 kernel: devtmpfs: mounted
2026-04-03T09:14:43.442699+00:00 ip-172-31-46-10 kernel: Freeing unused decrypted memory: 2028K
2026-04-03T09:14:43.442700+00:00 ip-172-31-46-10 kernel: Freeing unused kernel image (initmem) memory: 5384K
2026-04-03T09:14:43.442700+00:00 ip-172-31-46-10 kernel: Write protecting the kernel read-only data: 38912k
2026-04-03T09:14:43.442701+00:00 ip-172-31-46-10 kernel: Freeing unused kernel image (text/rodata gap) memory: 476K
2026-04-03T09:14:43.442701+00:00 ip-172-31-46-10 kernel: Freeing unused kernel image (rodata/data gap) memory: 896K
2026-04-03T09:14:43.442702+00:00 ip-172-31-46-10 kernel: x86/mm: Checked W+X mappings: passed, no W+X pages found.
2026-04-03T09:14:43.442703+00:00 ip-172-31-46-10 kernel: x86/mm: Checking user space page tables
2026-04-03T09:14:43.442703+00:00 ip-172-31-46-10 kernel: x86/mm: Checked W+X mappings: passed, no W+X pages found.
2026-04-03T09:14:43.442704+00:00 ip-172-31-46-10 kernel: Run /sbin/init as init process
2026-04-03T09:14:43.442705+00:00 ip-172-31-46-10 kernel:   with arguments:
2026-04-03T09:14:43.442705+00:00 ip-172-31-46-10 kernel:     /sbin/init
2026-04-03T09:14:43.442706+00:00 ip-172-31-46-10 kernel:   with environment:
2026-04-03T09:14:43.442707+00:00 ip-172-31-46-10 kernel:     HOME=/
2026-04-03T09:14:43.442707+00:00 ip-172-31-46-10 kernel:     TERM=linux
2026-04-03T09:14:43.442708+00:00 ip-172-31-46-10 kernel: systemd[1]: Inserted module 'autofs4'
2026-04-03T09:14:43.442708+00:00 ip-172-31-46-10 kernel: systemd[1]: systemd 255.4-1ubuntu8.12 running in system mode (+PAM +AUDIT +SELINUX +APPARMOR +IMA +SMACK +SECCOMP +GCRYPT -GNUTLS +OPENSSL +ACL +BLKID +CURL +ELFUTILS +FIDO2 +IDN2 -IDN +IPTC +KMOD +LIBCRYPTSETUP +LIBFDISK +PCRE2 -PWQUALITY +P11KIT +QRENCODE +TPM2 +BZIP2 +LZ4 +XZ +ZLIB +ZSTD -BPF_FRAMEWORK -XKBCOMMON +UTMP +SYSVINIT default-hierarchy=unified)
2026-04-03T09:14:43.442709+00:00 ip-172-31-46-10 kernel: systemd[1]: Detected virtualization amazon.
2026-04-03T09:14:43.442710+00:00 ip-172-31-46-10 kernel: systemd[1]: Detected architecture x86-64.
2026-04-03T09:14:43.442710+00:00 ip-172-31-46-10 kernel: systemd[1]: Hostname set to <ubuntu>.
2026-04-03T09:14:43.442711+00:00 ip-172-31-46-10 kernel: systemd[1]: Initializing machine ID from VM UUID.
2026-04-03T09:14:43.442712+00:00 ip-172-31-46-10 kernel: systemd[1]: Installed transient /etc/machine-id file.
2026-04-03T09:14:43.442712+00:00 ip-172-31-46-10 kernel: systemd[1]: Queued start job for default target graphical.target.
2026-04-03T09:14:43.442713+00:00 ip-172-31-46-10 kernel: systemd[1]: Created slice system-modprobe.slice - Slice /system/modprobe.
2026-04-03T09:14:43.442714+00:00 ip-172-31-46-10 kernel: systemd[1]: Created slice system-serial\x2dgetty.slice - Slice /system/serial-getty.
2026-04-03T09:14:43.442714+00:00 ip-172-31-46-10 kernel: systemd[1]: Created slice system-systemd\x2dfsck.slice - Slice /system/systemd-fsck.
2026-04-03T09:14:43.442715+00:00 ip-172-31-46-10 kernel: systemd[1]: Created slice user.slice - User and Session Slice.
2026-04-03T09:14:43.442715+00:00 ip-172-31-46-10 kernel: systemd[1]: Started systemd-ask-password-wall.path - Forward Password Requests to Wall Directory Watch.
2026-04-03T09:14:43.442716+00:00 ip-172-31-46-10 kernel: systemd[1]: Set up automount proc-sys-fs-binfmt_misc.automount - Arbitrary Executable File Formats File System Automount Point.
2026-04-03T09:14:43.442717+00:00 ip-172-31-46-10 kernel: systemd[1]: Expecting device dev-disk-by\x2dlabel-BOOT.device - /dev/disk/by-label/BOOT...
2026-04-03T09:14:43.442717+00:00 ip-172-31-46-10 kernel: systemd[1]: Expecting device dev-disk-by\x2dlabel-UEFI.device - /dev/disk/by-label/UEFI...
2026-04-03T09:14:43.442718+00:00 ip-172-31-46-10 kernel: systemd[1]: Expecting device dev-ttyS0.device - /dev/ttyS0...
2026-04-03T09:14:43.442718+00:00 ip-172-31-46-10 kernel: systemd[1]: Reached target integritysetup.target - Local Integrity Protected Volumes.
2026-04-03T09:14:43.442719+00:00 ip-172-31-46-10 kernel: systemd[1]: Reached target slices.target - Slice Units.
2026-04-03T09:14:43.442720+00:00 ip-172-31-46-10 kernel: systemd[1]: Reached target snapd.mounts-pre.target - Mounting snaps.
2026-04-03T09:14:43.442721+00:00 ip-172-31-46-10 kernel: systemd[1]: Reached target swap.target - Swaps.
2026-04-03T09:14:43.442721+00:00 ip-172-31-46-10 kernel: systemd[1]: Reached target time-set.target - System Time Set.
2026-04-03T09:14:43.442722+00:00 ip-172-31-46-10 kernel: systemd[1]: Reached target veritysetup.target - Local Verity Protected Volumes.
2026-04-03T09:14:43.442722+00:00 ip-172-31-46-10 kernel: systemd[1]: Listening on dm-event.socket - Device-mapper event daemon FIFOs.
2026-04-03T09:14:43.442723+00:00 ip-172-31-46-10 kernel: systemd[1]: Listening on lvm2-lvmpolld.socket - LVM2 poll daemon socket.
2026-04-03T09:14:43.442723+00:00 ip-172-31-46-10 kernel: systemd[1]: Listening on multipathd.socket - multipathd control socket.
2026-04-03T09:14:43.442724+00:00 ip-172-31-46-10 kernel: systemd[1]: Listening on syslog.socket - Syslog Socket.
2026-04-03T09:14:43.442725+00:00 ip-172-31-46-10 kernel: systemd[1]: Listening on systemd-fsckd.socket - fsck to fsckd communication Socket.
2026-04-03T09:14:43.442725+00:00 ip-172-31-46-10 kernel: systemd[1]: Listening on systemd-initctl.socket - initctl Compatibility Named Pipe.
2026-04-03T09:14:43.442726+00:00 ip-172-31-46-10 kernel: systemd[1]: Listening on systemd-journald-dev-log.socket - Journal Socket (/dev/log).
2026-04-03T09:14:43.442726+00:00 ip-172-31-46-10 kernel: systemd[1]: Listening on systemd-journald.socket - Journal Socket.
2026-04-03T09:14:43.442727+00:00 ip-172-31-46-10 kernel: systemd[1]: Listening on systemd-networkd.socket - Network Service Netlink Socket.
2026-04-03T09:14:43.442728+00:00 ip-172-31-46-10 kernel: systemd[1]: systemd-pcrextend.socket - TPM2 PCR Extension (Varlink) was skipped because of an unmet condition check (ConditionSecurity=measured-uki).
2026-04-03T09:14:43.442728+00:00 ip-172-31-46-10 kernel: systemd[1]: Listening on systemd-udevd-control.socket - udev Control Socket.
2026-04-03T09:14:43.442729+00:00 ip-172-31-46-10 kernel: systemd[1]: Listening on systemd-udevd-kernel.socket - udev Kernel Socket.
2026-04-03T09:14:43.442729+00:00 ip-172-31-46-10 kernel: systemd[1]: Mounting dev-hugepages.mount - Huge Pages File System...
2026-04-03T09:14:43.442730+00:00 ip-172-31-46-10 kernel: systemd[1]: Mounting dev-mqueue.mount - POSIX Message Queue File System...
2026-04-03T09:14:43.442730+00:00 ip-172-31-46-10 kernel: systemd[1]: Mounting sys-kernel-debug.mount - Kernel Debug File System...
2026-04-03T09:14:43.442731+00:00 ip-172-31-46-10 kernel: systemd[1]: Mounting sys-kernel-tracing.mount - Kernel Trace File System...
2026-04-03T09:14:43.442732+00:00 ip-172-31-46-10 kernel: systemd[1]: Starting systemd-journald.service - Journal Service...
2026-04-03T09:14:43.442732+00:00 ip-172-31-46-10 kernel: systemd[1]: Starting keyboard-setup.service - Set the console keyboard layout...
2026-04-03T09:14:43.442733+00:00 ip-172-31-46-10 kernel: systemd[1]: Starting kmod-static-nodes.service - Create List of Static Device Nodes...
2026-04-03T09:14:43.442733+00:00 ip-172-31-46-10 kernel: systemd[1]: Starting lvm2-monitor.service - Monitoring of LVM2 mirrors, snapshots etc. using dmeventd or progress polling...
2026-04-03T09:14:43.442734+00:00 ip-172-31-46-10 kernel: systemd[1]: Starting modprobe@configfs.service - Load Kernel Module configfs...
2026-04-03T09:14:43.442735+00:00 ip-172-31-46-10 kernel: systemd-journald[122]: Collecting audit messages is disabled.
2026-04-03T09:14:43.442735+00:00 ip-172-31-46-10 kernel: systemd[1]: Starting modprobe@dm_mod.service - Load Kernel Module dm_mod...
2026-04-03T09:14:43.442736+00:00 ip-172-31-46-10 kernel: systemd[1]: Starting modprobe@drm.service - Load Kernel Module drm...
2026-04-03T09:14:43.442736+00:00 ip-172-31-46-10 kernel: systemd[1]: Starting modprobe@efi_pstore.service - Load Kernel Module efi_pstore...
2026-04-03T09:14:43.442737+00:00 ip-172-31-46-10 kernel: systemd[1]: Starting modprobe@fuse.service - Load Kernel Module fuse...
2026-04-03T09:14:43.442737+00:00 ip-172-31-46-10 kernel: pstore: Using crash dump compression: deflate
2026-04-03T09:14:43.442738+00:00 ip-172-31-46-10 kernel: pstore: Registered efi_pstore as persistent store backend
2026-04-03T09:14:43.442738+00:00 ip-172-31-46-10 kernel: systemd[1]: Starting modprobe@loop.service - Load Kernel Module loop...
2026-04-03T09:14:43.442739+00:00 ip-172-31-46-10 kernel: systemd[1]: netplan-ovs-cleanup.service - OpenVSwitch configuration for cleanup was skipped because of an unmet condition check (ConditionFileIsExecutable=/usr/bin/ovs-vsctl).
2026-04-03T09:14:43.442740+00:00 ip-172-31-46-10 kernel: systemd[1]: Starting systemd-fsck-root.service - File System Check on Root Device...
2026-04-03T09:14:43.442740+00:00 ip-172-31-46-10 kernel: systemd[1]: Starting systemd-modules-load.service - Load Kernel Modules...
2026-04-03T09:14:43.442741+00:00 ip-172-31-46-10 kernel: systemd[1]: systemd-pcrmachine.service - TPM2 PCR Machine ID Measurement was skipped because of an unmet condition check (ConditionSecurity=measured-uki).
2026-04-03T09:14:43.442770+00:00 ip-172-31-46-10 kernel: systemd[1]: systemd-tpm2-setup-early.service - TPM2 SRK Setup (Early) was skipped because of an unmet condition check (ConditionSecurity=measured-uki).
2026-04-03T09:14:43.442771+00:00 ip-172-31-46-10 kernel: systemd[1]: Starting systemd-udev-trigger.service - Coldplug All udev Devices...
2026-04-03T09:14:43.442772+00:00 ip-172-31-46-10 kernel: systemd[1]: Started systemd-journald.service - Journal Service.
2026-04-03T09:14:43.442772+00:00 ip-172-31-46-10 kernel: EXT4-fs (nvme0n1p1): re-mounted 3ffdf8cf-d279-4ccd-a2ce-f8b316efa51c r/w.
2026-04-03T09:14:43.442773+00:00 ip-172-31-46-10 kernel: systemd-journald[122]: Received client request to flush runtime journal.
2026-04-03T09:14:43.442773+00:00 ip-172-31-46-10 kernel: loop0: detected capacity change from 0 to 56864
2026-04-03T09:14:43.442774+00:00 ip-172-31-46-10 kernel: loop1: detected capacity change from 0 to 99056
2026-04-03T09:14:43.442774+00:00 ip-172-31-46-10 kernel: loop2: detected capacity change from 0 to 151512
2026-04-03T09:14:43.442775+00:00 ip-172-31-46-10 kernel: nvme nvme0: using unchecked data buffer
2026-04-03T09:14:43.442776+00:00 ip-172-31-46-10 kernel: parport_pc 00:03: reported by Plug and Play ACPI
2026-04-03T09:14:43.442776+00:00 ip-172-31-46-10 kernel: ena 0000:00:05.0: ENA device version: 0.10
2026-04-03T09:14:43.442777+00:00 ip-172-31-46-10 kernel: ena 0000:00:05.0: ENA controller version: 0.0.1 implementation version 1
2026-04-03T09:14:43.442777+00:00 ip-172-31-46-10 kernel: ena 0000:00:05.0: LLQ is not supported Fallback to host mode policy.
2026-04-03T09:14:43.442778+00:00 ip-172-31-46-10 kernel: ena 0000:00:05.0: Elastic Network Adapter (ENA) found at mem 80404000, mac addr 06:c7:d4:d7:ea:59
2026-04-03T09:14:43.442779+00:00 ip-172-31-46-10 kernel: ena 0000:00:05.0 ens5: renamed from eth0
2026-04-03T09:14:43.442780+00:00 ip-172-31-46-10 kernel: ppdev: user-space parallel port driver
2026-04-03T09:14:43.442780+00:00 ip-172-31-46-10 kernel: EXT4-fs (nvme0n1p16): mounted filesystem e4d73812-5ac8-44bf-ae87-4ee0c327eceb r/w with ordered data mode. Quota mode: none.
2026-04-03T09:14:43.442781+00:00 ip-172-31-46-10 kernel: audit: type=1400 audit(1775207675.274:2): apparmor="STATUS" operation="profile_load" profile="unconfined" name="1password" pid=311 comm="apparmor_parser"
2026-04-03T09:14:43.442782+00:00 ip-172-31-46-10 kernel: audit: type=1400 audit(1775207675.275:3): apparmor="STATUS" operation="profile_load" profile="unconfined" name="Discord" pid=312 comm="apparmor_parser"
2026-04-03T09:14:43.442783+00:00 ip-172-31-46-10 kernel: audit: type=1400 audit(1775207675.278:4): apparmor="STATUS" operation="profile_load" profile="unconfined" name="QtWebEngineProcess" pid=317 comm="apparmor_parser"
2026-04-03T09:14:43.442784+00:00 ip-172-31-46-10 kernel: audit: type=1400 audit(1775207675.280:5): apparmor="STATUS" operation="profile_load" profile="unconfined" name="balena-etcher" pid=318 comm="apparmor_parser"
2026-04-03T09:14:43.442785+00:00 ip-172-31-46-10 kernel: audit: type=1400 audit(1775207675.281:6): apparmor="STATUS" operation="profile_load" profile="unconfined" name=4D6F6E676F444220436F6D70617373 pid=316 comm="apparmor_parser"
2026-04-03T09:14:43.442785+00:00 ip-172-31-46-10 kernel: audit: type=1400 audit(1775207675.290:7): apparmor="STATUS" operation="profile_load" profile="unconfined" name="buildah" pid=324 comm="apparmor_parser"
2026-04-03T09:14:43.442786+00:00 ip-172-31-46-10 kernel: audit: type=1400 audit(1775207675.292:8): apparmor="STATUS" operation="profile_load" profile="unconfined" name="brave" pid=323 comm="apparmor_parser"
2026-04-03T09:14:43.442786+00:00 ip-172-31-46-10 kernel: audit: type=1400 audit(1775207675.295:9): apparmor="STATUS" operation="profile_load" profile="unconfined" name="busybox" pid=325 comm="apparmor_parser"
2026-04-03T09:14:43.442787+00:00 ip-172-31-46-10 kernel: audit: type=1400 audit(1775207675.295:10): apparmor="STATUS" operation="profile_load" profile="unconfined" name="cam" pid=326 comm="apparmor_parser"
2026-04-03T09:14:43.442788+00:00 ip-172-31-46-10 kernel: input: ImPS/2 Generic Wheel Mouse as /devices/platform/i8042/serio1/input/input4
2026-04-03T09:14:43.442789+00:00 ip-172-31-46-10 kernel: 8021q: 802.1Q VLAN Support v1.8
2026-04-03T09:14:43.442789+00:00 ip-172-31-46-10 kernel: kauditd_printk_skb: 116 callbacks suppressed
2026-04-03T09:14:43.442790+00:00 ip-172-31-46-10 kernel: audit: type=1400 audit(1775207682.975:127): apparmor="STATUS" operation="profile_replace" info="same as current profile, skipping" profile="unconfined" name="rsyslogd" pid=638 comm="apparmor_parser"
2026-04-03T09:14:43.445669+00:00 ip-172-31-46-10 cloud-init[537]: Generating public/private rsa key pair.
2026-04-03T09:14:43.445676+00:00 ip-172-31-46-10 cloud-init[537]: Your identification has been saved in /etc/ssh/ssh_host_rsa_key
2026-04-03T09:14:43.445682+00:00 ip-172-31-46-10 cloud-init[537]: Your public key has been saved in /etc/ssh/ssh_host_rsa_key.pub
2026-04-03T09:14:43.445687+00:00 ip-172-31-46-10 cloud-init[537]: The key fingerprint is:
2026-04-03T09:14:43.445692+00:00 ip-172-31-46-10 cloud-init[537]: SHA256:AjGoRWMU3DC3YmdIevxoCeMvLJlaEDeGOLagZSz4ixc root@ip-172-31-46-10
2026-04-03T09:14:43.445697+00:00 ip-172-31-46-10 cloud-init[537]: The key's randomart image is:
2026-04-03T09:14:43.445701+00:00 ip-172-31-46-10 cloud-init[537]: +---[RSA 3072]----+
2026-04-03T09:14:43.445706+00:00 ip-172-31-46-10 cloud-init[537]: | +X=+            |
2026-04-03T09:14:43.445711+00:00 ip-172-31-46-10 cloud-init[537]: |oB+=.+           |
2026-04-03T09:14:43.445716+00:00 ip-172-31-46-10 cloud-init[537]: |%+& =            |
2026-04-03T09:14:43.445720+00:00 ip-172-31-46-10 cloud-init[537]: |*#.O .           |
2026-04-03T09:14:43.445725+00:00 ip-172-31-46-10 cloud-init[537]: |ooE . . S        |
2026-04-03T09:14:43.445730+00:00 ip-172-31-46-10 cloud-init[537]: |.*.o   .         |
2026-04-03T09:14:43.445734+00:00 ip-172-31-46-10 cloud-init[537]: |=o+.             |
2026-04-03T09:14:43.445739+00:00 ip-172-31-46-10 cloud-init[537]: |oo.              |
2026-04-03T09:14:43.445743+00:00 ip-172-31-46-10 cloud-init[537]: |.                |
2026-04-03T09:14:43.445748+00:00 ip-172-31-46-10 cloud-init[537]: +----[SHA256]-----+
2026-04-03T09:14:43.445753+00:00 ip-172-31-46-10 cloud-init[537]: Generating public/private ecdsa key pair.
2026-04-03T09:14:43.445758+00:00 ip-172-31-46-10 cloud-init[537]: Your identification has been saved in /etc/ssh/ssh_host_ecdsa_key
2026-04-03T09:14:43.445764+00:00 ip-172-31-46-10 cloud-init[537]: Your public key has been saved in /etc/ssh/ssh_host_ecdsa_key.pub
2026-04-03T09:14:43.445768+00:00 ip-172-31-46-10 cloud-init[537]: The key fingerprint is:
2026-04-03T09:14:43.445773+00:00 ip-172-31-46-10 cloud-init[537]: SHA256:UlgAhW7g3he1j9D5gbWgDMkKzG1+f0eLMin8l6PAWgs root@ip-172-31-46-10
2026-04-03T09:14:43.445778+00:00 ip-172-31-46-10 cloud-init[537]: The key's randomart image is:
2026-04-03T09:14:43.445783+00:00 ip-172-31-46-10 cloud-init[537]: +---[ECDSA 256]---+
2026-04-03T09:14:43.445788+00:00 ip-172-31-46-10 cloud-init[537]: |o ...=o..        |
2026-04-03T09:14:43.445793+00:00 ip-172-31-46-10 cloud-init[537]: |.o.o=  oo .      |
2026-04-03T09:14:43.445798+00:00 ip-172-31-46-10 cloud-init[537]: | oo+ o.+.* .     |
2026-04-03T09:14:43.445802+00:00 ip-172-31-46-10 cloud-init[537]: |  o.o.=.= o.     |
2026-04-03T09:14:43.445807+00:00 ip-172-31-46-10 cloud-init[537]: | . oo ooS+o..    |
2026-04-03T09:14:43.445813+00:00 ip-172-31-46-10 cloud-init[537]: |  . oo.*.ooo     |
2026-04-03T09:14:43.445818+00:00 ip-172-31-46-10 cloud-init[537]: |   E =o + o      |
2026-04-03T09:14:43.445822+00:00 ip-172-31-46-10 cloud-init[537]: |    + o. +       |
2026-04-03T09:14:43.445827+00:00 ip-172-31-46-10 cloud-init[537]: |   . . .o .      |
2026-04-03T09:14:43.445831+00:00 ip-172-31-46-10 cloud-init[537]: +----[SHA256]-----+
2026-04-03T09:14:43.445836+00:00 ip-172-31-46-10 cloud-init[537]: Generating public/private ed25519 key pair.
2026-04-03T09:14:43.445842+00:00 ip-172-31-46-10 cloud-init[537]: Your identification has been saved in /etc/ssh/ssh_host_ed25519_key
2026-04-03T09:14:43.445847+00:00 ip-172-31-46-10 cloud-init[537]: Your public key has been saved in /etc/ssh/ssh_host_ed25519_key.pub
2026-04-03T09:14:43.445852+00:00 ip-172-31-46-10 cloud-init[537]: The key fingerprint is:
2026-04-03T09:14:43.445858+00:00 ip-172-31-46-10 cloud-init[537]: SHA256:j8qk/etDfmiMBN6FACM7sDdJm/zuxje/nwsQ8kElQFg root@ip-172-31-46-10
2026-04-03T09:14:43.445863+00:00 ip-172-31-46-10 cloud-init[537]: The key's randomart image is:
2026-04-03T09:14:43.445868+00:00 ip-172-31-46-10 cloud-init[537]: +--[ED25519 256]--+
2026-04-03T09:14:43.445873+00:00 ip-172-31-46-10 cloud-init[537]: |o +=E.o..        |
2026-04-03T09:14:43.445878+00:00 ip-172-31-46-10 cloud-init[537]: |.*.=.. .         |
2026-04-03T09:14:43.445883+00:00 ip-172-31-46-10 cloud-init[537]: |+ B ..o.         |
2026-04-03T09:14:43.445888+00:00 ip-172-31-46-10 cloud-init[537]: | o o.o.o.        |
2026-04-03T09:14:43.445893+00:00 ip-172-31-46-10 cloud-init[537]: |   ..oo.S        |
2026-04-03T09:14:43.445897+00:00 ip-172-31-46-10 cloud-init[537]: |   .. o..o       |
2026-04-03T09:14:43.445901+00:00 ip-172-31-46-10 cloud-init[537]: |   ....=o..      |
2026-04-03T09:14:43.445905+00:00 ip-172-31-46-10 cloud-init[537]: |   .o=+.*...     |
2026-04-03T09:14:43.445910+00:00 ip-172-31-46-10 cloud-init[537]: |   .o.+***+.     |
2026-04-03T09:14:43.445936+00:00 ip-172-31-46-10 cloud-init[537]: +----[SHA256]-----+
2026-04-03T09:14:43.445946+00:00 ip-172-31-46-10 systemd[1]: Finished cloud-init.service - Cloud-init: Network Stage.
2026-04-03T09:14:43.445951+00:00 ip-172-31-46-10 systemd[1]: Reached target cloud-config.target - Cloud-config availability.
2026-04-03T09:14:43.445956+00:00 ip-172-31-46-10 systemd[1]: Reached target network-online.target - Network is Online.
2026-04-03T09:14:43.445960+00:00 ip-172-31-46-10 systemd[1]: Reached target sysinit.target - System Initialization.
2026-04-03T09:14:43.445965+00:00 ip-172-31-46-10 systemd[1]: Started acpid.path - ACPI Events Check.
2026-04-03T09:14:43.445970+00:00 ip-172-31-46-10 systemd[1]: apport-autoreport.path - Process error reports when automatic reporting is enabled (file watch) was skipped because of an unmet condition check (ConditionPathExists=/var/lib/apport/autoreport).
2026-04-03T09:14:43.445976+00:00 ip-172-31-46-10 systemd[1]: tpm-udev.path - Handle dynamically added tpm devices was skipped because of an unmet condition check (ConditionVirtualization=container).
2026-04-03T09:14:43.445981+00:00 ip-172-31-46-10 systemd[1]: apport-autoreport.timer - Process error reports when automatic reporting is enabled (timer based) was skipped because of an unmet condition check (ConditionPathExists=/var/lib/apport/autoreport).
2026-04-03T09:14:43.445986+00:00 ip-172-31-46-10 systemd[1]: Started systemd-tmpfiles-clean.timer - Daily Cleanup of Temporary Directories.
2026-04-03T09:14:43.445991+00:00 ip-172-31-46-10 systemd[1]: ua-timer.timer - Ubuntu Pro Timer for running repeated jobs was skipped because of an unmet condition check (ConditionPathExists=/var/lib/ubuntu-advantage/private/machine-token.json).
2026-04-03T09:14:43.445996+00:00 ip-172-31-46-10 systemd[1]: Started update-notifier-download.timer - Download data for packages that failed at package install time.
2026-04-03T09:14:43.446001+00:00 ip-172-31-46-10 systemd[1]: Reached target paths.target - Path Units.
2026-04-03T09:14:43.446006+00:00 ip-172-31-46-10 systemd[1]: Listening on acpid.socket - ACPID Listen Socket.
2026-04-03T09:14:43.446011+00:00 ip-172-31-46-10 systemd[1]: apport-forward.socket - Unix socket for apport crash forwarding was skipped because of an unmet condition check (ConditionVirtualization=container).
2026-04-03T09:14:43.446016+00:00 ip-172-31-46-10 systemd[1]: Listening on cloud-init-hotplugd.socket - cloud-init hotplug hook socket.
